2026-02-27 18:26:28,036 載入 96 筆已下載日期記錄
2026-02-27 18:26:28,037 總共需要處理 234 個日期
2026-02-27 18:26:28,037 已下載過的日期: 84 個
2026-02-27 18:26:28,037 需要新下載的日期: 150 個
2026-02-27 18:26:28,038 開始下載新日期: ['20250501', '20250530', '20250623', '20250624', '20250625', '20250626', '20250627', '20250630', '20250701', '20250702', '20250703', '20250704', '20250707', '20250708', '20250709', '20250710', '20250711', '20250714', '20250715', '20250716', '20250717', '20250718', '20250721', '20250722', '20250723', '20250724', '20250725', '20250728', '20250729', '20250730', '20250731', '20250801', '20250804', '20250805', '20250806', '20250807', '20250808', '20250811', '20250812', '20250813', '20250814', '20250815', '20250818', '20250819', '20250820', '20250821', '20250822', '20250825', '20250826', '20250827', '20250828', '20250829', '20250901', '20250902', '20250903', '20250904', '20250905', '20250908', '20250909', '20250910', '20250911', '20250912', '20250915', '20250916', '20250917', '20250918', '20250919', '20250922', '20250923', '20250924', '20250925', '20250926', '20250929', '20250930', '20251001', '20251002', '20251003', '20251006', '20251007', '20251008', '20251009', '20251010', '20251013', '20251014', '20251015', '20251016', '20251017', '20251020', '20251021', '20251022', '20251023', '20251024', '20251027', '20251028', '20251029', '20251030', '20251031', '20251103', '20251104', '20251105', '20251106', '20251107', '20251110', '20251111', '20251112', '20251113', '20251114', '20251117', '20251118', '20251119', '20251120', '20251121', '20251124', '20251125', '20251126', '20251127', '20251128', '20251201', '20251202', '20251203', '20251204', '20251205', '20251208', '20251209', '20251210', '20251211', '20251212', '20251215', '20251216', '20251217', '20251218', '20251219', '20251222', '20251223', '20251224', '20251225', '20251226', '20251229', '20251230', '20251231', '20260101', '20260122', '20260128', '20260212', '20260213', '20260216', '20260217', '20260218', '20260219', '20260220']
2026-02-27 18:26:28,038 日期 20250407 已下載過，從快取讀取資料
2026-02-27 18:26:28,064 從快取載入 1047 筆記錄: 20250407
2026-02-27 18:26:28,065 日期 20250408 已下載過，從快取讀取資料
2026-02-27 18:26:28,076 從快取載入 1048 筆記錄: 20250408
2026-02-27 18:26:28,076 日期 20250409 已下載過，從快取讀取資料
2026-02-27 18:26:28,088 從快取載入 1048 筆記錄: 20250409
2026-02-27 18:26:28,088 日期 20250410 已下載過，從快取讀取資料
2026-02-27 18:26:28,100 從快取載入 1048 筆記錄: 20250410
2026-02-27 18:26:28,100 日期 20250411 已下載過，從快取讀取資料
2026-02-27 18:26:28,110 從快取載入 1045 筆記錄: 20250411
2026-02-27 18:26:28,110 日期 20250414 已下載過，從快取讀取資料
2026-02-27 18:26:28,123 從快取載入 1047 筆記錄: 20250414
2026-02-27 18:26:28,123 日期 20250415 已下載過，從快取讀取資料
2026-02-27 18:26:28,132 從快取載入 1047 筆記錄: 20250415
2026-02-27 18:26:28,133 日期 20250416 已下載過，從快取讀取資料
2026-02-27 18:26:28,143 從快取載入 1048 筆記錄: 20250416
2026-02-27 18:26:28,144 日期 20250417 已下載過，從快取讀取資料
2026-02-27 18:26:28,153 從快取載入 1045 筆記錄: 20250417
2026-02-27 18:26:28,155 日期 20250418 已下載過，從快取讀取資料
2026-02-27 18:26:28,166 從快取載入 1045 筆記錄: 20250418
2026-02-27 18:26:28,166 日期 20250421 已下載過，從快取讀取資料
2026-02-27 18:26:28,181 從快取載入 1043 筆記錄: 20250421
2026-02-27 18:26:28,182 日期 20250422 已下載過，從快取讀取資料
2026-02-27 18:26:28,194 從快取載入 1045 筆記錄: 20250422
2026-02-27 18:26:28,194 日期 20250423 已下載過，從快取讀取資料
2026-02-27 18:26:28,204 從快取載入 1043 筆記錄: 20250423
2026-02-27 18:26:28,204 日期 20250424 已下載過，從快取讀取資料
2026-02-27 18:26:28,214 從快取載入 1042 筆記錄: 20250424
2026-02-27 18:26:28,214 日期 20250425 已下載過，從快取讀取資料
2026-02-27 18:26:28,225 從快取載入 1047 筆記錄: 20250425
2026-02-27 18:26:28,225 日期 20250428 已下載過，從快取讀取資料
2026-02-27 18:26:28,235 從快取載入 1041 筆記錄: 20250428
2026-02-27 18:26:28,236 日期 20250429 已下載過，從快取讀取資料
2026-02-27 18:26:28,245 從快取載入 1049 筆記錄: 20250429
2026-02-27 18:26:28,246 日期 20250430 已下載過，從快取讀取資料
2026-02-27 18:26:28,256 從快取載入 1048 筆記錄: 20250430
2026-02-27 18:26:28,256 Start download 20250501
2026-02-27 18:26:28,437 Failed to download 20250501: HTTPSConnectionPool(host='www.twse.com.tw', port=443): Max retries exceeded with url: /exchangeReport/MI_INDEX?response=csv&date=20250501&type=ALL (Caused by SSLError(SSLCertVerificationError(1, '[SSL: CERTIFICATE_VERIFY_FAILED] certificate verify failed: Missing Subject Key Identifier (_ssl.c:1032)')))
2026-02-27 18:26:28,437 Parsed 0 records for 20250501
2026-02-27 18:26:28,438 日期 20250502 已下載過，從快取讀取資料
2026-02-27 18:26:28,453 從快取載入 1047 筆記錄: 20250502
2026-02-27 18:26:28,453 日期 20250505 已下載過，從快取讀取資料
2026-02-27 18:26:28,467 從快取載入 1046 筆記錄: 20250505
2026-02-27 18:26:28,468 日期 20250506 已下載過，從快取讀取資料
2026-02-27 18:26:28,478 從快取載入 1046 筆記錄: 20250506
2026-02-27 18:26:28,478 日期 20250507 已下載過，從快取讀取資料
2026-02-27 18:26:28,489 從快取載入 1046 筆記錄: 20250507
2026-02-27 18:26:28,490 日期 20250508 已下載過，從快取讀取資料
2026-02-27 18:26:28,499 從快取載入 1043 筆記錄: 20250508
2026-02-27 18:26:28,500 日期 20250509 已下載過，從快取讀取資料
2026-02-27 18:26:28,511 從快取載入 1046 筆記錄: 20250509
2026-02-27 18:26:28,511 日期 20250512 已下載過，從快取讀取資料
2026-02-27 18:26:28,521 從快取載入 1049 筆記錄: 20250512
2026-02-27 18:26:28,521 日期 20250513 已下載過，從快取讀取資料
2026-02-27 18:26:28,531 從快取載入 1041 筆記錄: 20250513
2026-02-27 18:26:28,532 日期 20250514 已下載過，從快取讀取資料
2026-02-27 18:26:28,542 從快取載入 1048 筆記錄: 20250514
2026-02-27 18:26:28,542 日期 20250515 已下載過，從快取讀取資料
2026-02-27 18:26:28,552 從快取載入 1043 筆記錄: 20250515
2026-02-27 18:26:28,552 日期 20250516 已下載過，從快取讀取資料
2026-02-27 18:26:28,564 從快取載入 1047 筆記錄: 20250516
2026-02-27 18:26:28,564 日期 20250519 已下載過，從快取讀取資料
2026-02-27 18:26:28,574 從快取載入 1045 筆記錄: 20250519
2026-02-27 18:26:28,575 日期 20250520 已下載過，從快取讀取資料
2026-02-27 18:26:28,588 從快取載入 1046 筆記錄: 20250520
2026-02-27 18:26:28,588 日期 20250521 已下載過，從快取讀取資料
2026-02-27 18:26:28,599 從快取載入 1048 筆記錄: 20250521
2026-02-27 18:26:28,599 日期 20250522 已下載過，從快取讀取資料
2026-02-27 18:26:28,610 從快取載入 1044 筆記錄: 20250522
2026-02-27 18:26:28,611 日期 20250523 已下載過，從快取讀取資料
2026-02-27 18:26:28,620 從快取載入 1044 筆記錄: 20250523
2026-02-27 18:26:28,621 日期 20250526 已下載過，從快取讀取資料
2026-02-27 18:26:28,632 從快取載入 1049 筆記錄: 20250526
2026-02-27 18:26:28,632 日期 20250527 已下載過，從快取讀取資料
2026-02-27 18:26:28,643 從快取載入 1050 筆記錄: 20250527
2026-02-27 18:26:28,643 日期 20250528 已下載過，從快取讀取資料
2026-02-27 18:26:28,652 從快取載入 1044 筆記錄: 20250528
2026-02-27 18:26:28,653 日期 20250529 已下載過，從快取讀取資料
2026-02-27 18:26:28,663 從快取載入 1045 筆記錄: 20250529
2026-02-27 18:26:28,663 Start download 20250530
2026-02-27 18:26:28,704 Failed to download 20250530: HTTPSConnectionPool(host='www.twse.com.tw', port=443): Max retries exceeded with url: /exchangeReport/MI_INDEX?response=csv&date=20250530&type=ALL (Caused by SSLError(SSLCertVerificationError(1, '[SSL: CERTIFICATE_VERIFY_FAILED] certificate verify failed: Missing Subject Key Identifier (_ssl.c:1032)')))
2026-02-27 18:26:28,705 Parsed 0 records for 20250530
2026-02-27 18:26:28,706 日期 20250602 已下載過，從快取讀取資料
2026-02-27 18:26:28,717 從快取載入 1044 筆記錄: 20250602
2026-02-27 18:26:28,718 日期 20250603 已下載過，從快取讀取資料
2026-02-27 18:26:28,728 從快取載入 1050 筆記錄: 20250603
2026-02-27 18:26:28,728 日期 20250604 已下載過，從快取讀取資料
2026-02-27 18:26:28,738 從快取載入 1049 筆記錄: 20250604
2026-02-27 18:26:28,738 日期 20250605 已下載過，從快取讀取資料
2026-02-27 18:26:28,748 從快取載入 1046 筆記錄: 20250605
2026-02-27 18:26:28,748 日期 20250606 已下載過，從快取讀取資料
2026-02-27 18:26:28,758 從快取載入 1043 筆記錄: 20250606
2026-02-27 18:26:28,759 日期 20250609 已下載過，從快取讀取資料
2026-02-27 18:26:28,767 從快取載入 1039 筆記錄: 20250609
2026-02-27 18:26:28,768 日期 20250610 已下載過，從快取讀取資料
2026-02-27 18:26:28,780 從快取載入 1051 筆記錄: 20250610
2026-02-27 18:26:28,780 日期 20250611 已下載過，從快取讀取資料
2026-02-27 18:26:28,790 從快取載入 1050 筆記錄: 20250611
2026-02-27 18:26:28,791 日期 20250612 已下載過，從快取讀取資料
2026-02-27 18:26:28,800 從快取載入 1046 筆記錄: 20250612
2026-02-27 18:26:28,800 日期 20250613 已下載過，從快取讀取資料
2026-02-27 18:26:28,812 從快取載入 1049 筆記錄: 20250613
2026-02-27 18:26:28,812 日期 20250616 已下載過，從快取讀取資料
2026-02-27 18:26:28,823 從快取載入 1052 筆記錄: 20250616
2026-02-27 18:26:28,823 日期 20250617 已下載過，從快取讀取資料
2026-02-27 18:26:28,832 從快取載入 1052 筆記錄: 20250617
2026-02-27 18:26:28,833 日期 20250618 已下載過，從快取讀取資料
2026-02-27 18:26:28,843 從快取載入 1053 筆記錄: 20250618
2026-02-27 18:26:28,843 日期 20250619 已下載過，從快取讀取資料
2026-02-27 18:26:28,852 從快取載入 1052 筆記錄: 20250619
2026-02-27 18:26:28,853 日期 20250620 已下載過，從快取讀取資料
2026-02-27 18:26:28,863 從快取載入 1051 筆記錄: 20250620
2026-02-27 18:26:28,864 Start download 20250623
2026-02-27 18:26:28,896 Failed to download 20250623: HTTPSConnectionPool(host='www.twse.com.tw', port=443): Max retries exceeded with url: /exchangeReport/MI_INDEX?response=csv&date=20250623&type=ALL (Caused by SSLError(SSLCertVerificationError(1, '[SSL: CERTIFICATE_VERIFY_FAILED] certificate verify failed: Missing Subject Key Identifier (_ssl.c:1032)')))
2026-02-27 18:26:28,897 Parsed 0 records for 20250623
2026-02-27 18:26:28,897 Start download 20250624
2026-02-27 18:26:28,928 Failed to download 20250624: HTTPSConnectionPool(host='www.twse.com.tw', port=443): Max retries exceeded with url: /exchangeReport/MI_INDEX?response=csv&date=20250624&type=ALL (Caused by SSLError(SSLCertVerificationError(1, '[SSL: CERTIFICATE_VERIFY_FAILED] certificate verify failed: Missing Subject Key Identifier (_ssl.c:1032)')))
2026-02-27 18:26:28,928 Parsed 0 records for 20250624
2026-02-27 18:26:28,929 Start download 20250625
2026-02-27 18:26:28,959 Failed to download 20250625: HTTPSConnectionPool(host='www.twse.com.tw', port=443): Max retries exceeded with url: /exchangeReport/MI_INDEX?response=csv&date=20250625&type=ALL (Caused by SSLError(SSLCertVerificationError(1, '[SSL: CERTIFICATE_VERIFY_FAILED] certificate verify failed: Missing Subject Key Identifier (_ssl.c:1032)')))
2026-02-27 18:26:28,959 Parsed 0 records for 20250625
2026-02-27 18:26:28,960 Start download 20250626
2026-02-27 18:26:28,999 Failed to download 20250626: HTTPSConnectionPool(host='www.twse.com.tw', port=443): Max retries exceeded with url: /exchangeReport/MI_INDEX?response=csv&date=20250626&type=ALL (Caused by SSLError(SSLCertVerificationError(1, '[SSL: CERTIFICATE_VERIFY_FAILED] certificate verify failed: Missing Subject Key Identifier (_ssl.c:1032)')))
2026-02-27 18:26:28,999 Parsed 0 records for 20250626
2026-02-27 18:26:28,999 Start download 20250627
2026-02-27 18:26:29,052 Failed to download 20250627: HTTPSConnectionPool(host='www.twse.com.tw', port=443): Max retries exceeded with url: /exchangeReport/MI_INDEX?response=csv&date=20250627&type=ALL (Caused by SSLError(SSLCertVerificationError(1, '[SSL: CERTIFICATE_VERIFY_FAILED] certificate verify failed: Missing Subject Key Identifier (_ssl.c:1032)')))
2026-02-27 18:26:29,052 Parsed 0 records for 20250627
2026-02-27 18:26:29,055 Start download 20250630
2026-02-27 18:26:29,108 Failed to download 20250630: HTTPSConnectionPool(host='www.twse.com.tw', port=443): Max retries exceeded with url: /exchangeReport/MI_INDEX?response=csv&date=20250630&type=ALL (Caused by SSLError(SSLCertVerificationError(1, '[SSL: CERTIFICATE_VERIFY_FAILED] certificate verify failed: Missing Subject Key Identifier (_ssl.c:1032)')))
2026-02-27 18:26:29,108 Parsed 0 records for 20250630
2026-02-27 18:26:29,109 Start download 20250701
2026-02-27 18:26:29,148 Failed to download 20250701: HTTPSConnectionPool(host='www.twse.com.tw', port=443): Max retries exceeded with url: /exchangeReport/MI_INDEX?response=csv&date=20250701&type=ALL (Caused by SSLError(SSLCertVerificationError(1, '[SSL: CERTIFICATE_VERIFY_FAILED] certificate verify failed: Missing Subject Key Identifier (_ssl.c:1032)')))
2026-02-27 18:26:29,148 Parsed 0 records for 20250701
2026-02-27 18:26:29,148 Start download 20250702
2026-02-27 18:26:29,169 Failed to download 20250702: HTTPSConnectionPool(host='www.twse.com.tw', port=443): Max retries exceeded with url: /exchangeReport/MI_INDEX?response=csv&date=20250702&type=ALL (Caused by SSLError(SSLCertVerificationError(1, '[SSL: CERTIFICATE_VERIFY_FAILED] certificate verify failed: Missing Subject Key Identifier (_ssl.c:1032)')))
2026-02-27 18:26:29,169 Parsed 0 records for 20250702
2026-02-27 18:26:29,170 Start download 20250703
2026-02-27 18:26:29,209 Failed to download 20250703: HTTPSConnectionPool(host='www.twse.com.tw', port=443): Max retries exceeded with url: /exchangeReport/MI_INDEX?response=csv&date=20250703&type=ALL (Caused by SSLError(SSLCertVerificationError(1, '[SSL: CERTIFICATE_VERIFY_FAILED] certificate verify failed: Missing Subject Key Identifier (_ssl.c:1032)')))
2026-02-27 18:26:29,209 Parsed 0 records for 20250703
2026-02-27 18:26:29,211 Start download 20250704
2026-02-27 18:26:29,241 Failed to download 20250704: HTTPSConnectionPool(host='www.twse.com.tw', port=443): Max retries exceeded with url: /exchangeReport/MI_INDEX?response=csv&date=20250704&type=ALL (Caused by SSLError(SSLCertVerificationError(1, '[SSL: CERTIFICATE_VERIFY_FAILED] certificate verify failed: Missing Subject Key Identifier (_ssl.c:1032)')))
2026-02-27 18:26:29,242 Parsed 0 records for 20250704
2026-02-27 18:26:29,243 Start download 20250707
2026-02-27 18:26:29,284 Failed to download 20250707: HTTPSConnectionPool(host='www.twse.com.tw', port=443): Max retries exceeded with url: /exchangeReport/MI_INDEX?response=csv&date=20250707&type=ALL (Caused by SSLError(SSLCertVerificationError(1, '[SSL: CERTIFICATE_VERIFY_FAILED] certificate verify failed: Missing Subject Key Identifier (_ssl.c:1032)')))
2026-02-27 18:26:29,284 Parsed 0 records for 20250707
2026-02-27 18:26:29,285 Start download 20250708
2026-02-27 18:26:29,321 Failed to download 20250708: HTTPSConnectionPool(host='www.twse.com.tw', port=443): Max retries exceeded with url: /exchangeReport/MI_INDEX?response=csv&date=20250708&type=ALL (Caused by SSLError(SSLCertVerificationError(1, '[SSL: CERTIFICATE_VERIFY_FAILED] certificate verify failed: Missing Subject Key Identifier (_ssl.c:1032)')))
2026-02-27 18:26:29,321 Parsed 0 records for 20250708
2026-02-27 18:26:29,322 Start download 20250709
2026-02-27 18:26:29,365 Failed to download 20250709: HTTPSConnectionPool(host='www.twse.com.tw', port=443): Max retries exceeded with url: /exchangeReport/MI_INDEX?response=csv&date=20250709&type=ALL (Caused by SSLError(SSLCertVerificationError(1, '[SSL: CERTIFICATE_VERIFY_FAILED] certificate verify failed: Missing Subject Key Identifier (_ssl.c:1032)')))
2026-02-27 18:26:29,366 Parsed 0 records for 20250709
2026-02-27 18:26:29,366 Start download 20250710
2026-02-27 18:26:29,399 Failed to download 20250710: HTTPSConnectionPool(host='www.twse.com.tw', port=443): Max retries exceeded with url: /exchangeReport/MI_INDEX?response=csv&date=20250710&type=ALL (Caused by SSLError(SSLCertVerificationError(1, '[SSL: CERTIFICATE_VERIFY_FAILED] certificate verify failed: Missing Subject Key Identifier (_ssl.c:1032)')))
2026-02-27 18:26:29,400 Parsed 0 records for 20250710
2026-02-27 18:26:29,401 Start download 20250711
2026-02-27 18:26:29,434 Failed to download 20250711: HTTPSConnectionPool(host='www.twse.com.tw', port=443): Max retries exceeded with url: /exchangeReport/MI_INDEX?response=csv&date=20250711&type=ALL (Caused by SSLError(SSLCertVerificationError(1, '[SSL: CERTIFICATE_VERIFY_FAILED] certificate verify failed: Missing Subject Key Identifier (_ssl.c:1032)')))
2026-02-27 18:26:29,434 Parsed 0 records for 20250711
2026-02-27 18:26:29,435 Start download 20250714
2026-02-27 18:26:29,479 Failed to download 20250714: HTTPSConnectionPool(host='www.twse.com.tw', port=443): Max retries exceeded with url: /exchangeReport/MI_INDEX?response=csv&date=20250714&type=ALL (Caused by SSLError(SSLCertVerificationError(1, '[SSL: CERTIFICATE_VERIFY_FAILED] certificate verify failed: Missing Subject Key Identifier (_ssl.c:1032)')))
2026-02-27 18:26:29,479 Parsed 0 records for 20250714
2026-02-27 18:26:29,480 Start download 20250715
2026-02-27 18:26:29,512 Failed to download 20250715: HTTPSConnectionPool(host='www.twse.com.tw', port=443): Max retries exceeded with url: /exchangeReport/MI_INDEX?response=csv&date=20250715&type=ALL (Caused by SSLError(SSLCertVerificationError(1, '[SSL: CERTIFICATE_VERIFY_FAILED] certificate verify failed: Missing Subject Key Identifier (_ssl.c:1032)')))
2026-02-27 18:26:29,512 Parsed 0 records for 20250715
2026-02-27 18:26:29,513 Start download 20250716
2026-02-27 18:26:29,544 Failed to download 20250716: HTTPSConnectionPool(host='www.twse.com.tw', port=443): Max retries exceeded with url: /exchangeReport/MI_INDEX?response=csv&date=20250716&type=ALL (Caused by SSLError(SSLCertVerificationError(1, '[SSL: CERTIFICATE_VERIFY_FAILED] certificate verify failed: Missing Subject Key Identifier (_ssl.c:1032)')))
2026-02-27 18:26:29,544 Parsed 0 records for 20250716
2026-02-27 18:26:29,545 Start download 20250717
2026-02-27 18:26:29,575 Failed to download 20250717: HTTPSConnectionPool(host='www.twse.com.tw', port=443): Max retries exceeded with url: /exchangeReport/MI_INDEX?response=csv&date=20250717&type=ALL (Caused by SSLError(SSLCertVerificationError(1, '[SSL: CERTIFICATE_VERIFY_FAILED] certificate verify failed: Missing Subject Key Identifier (_ssl.c:1032)')))
2026-02-27 18:26:29,576 Parsed 0 records for 20250717
2026-02-27 18:26:29,576 Start download 20250718
2026-02-27 18:26:29,621 Failed to download 20250718: HTTPSConnectionPool(host='www.twse.com.tw', port=443): Max retries exceeded with url: /exchangeReport/MI_INDEX?response=csv&date=20250718&type=ALL (Caused by SSLError(SSLCertVerificationError(1, '[SSL: CERTIFICATE_VERIFY_FAILED] certificate verify failed: Missing Subject Key Identifier (_ssl.c:1032)')))
2026-02-27 18:26:29,621 Parsed 0 records for 20250718
2026-02-27 18:26:29,623 Start download 20250721
2026-02-27 18:26:29,653 Failed to download 20250721: HTTPSConnectionPool(host='www.twse.com.tw', port=443): Max retries exceeded with url: /exchangeReport/MI_INDEX?response=csv&date=20250721&type=ALL (Caused by SSLError(SSLCertVerificationError(1, '[SSL: CERTIFICATE_VERIFY_FAILED] certificate verify failed: Missing Subject Key Identifier (_ssl.c:1032)')))
2026-02-27 18:26:29,654 Parsed 0 records for 20250721
2026-02-27 18:26:29,654 Start download 20250722
2026-02-27 18:26:29,700 Failed to download 20250722: HTTPSConnectionPool(host='www.twse.com.tw', port=443): Max retries exceeded with url: /exchangeReport/MI_INDEX?response=csv&date=20250722&type=ALL (Caused by SSLError(SSLCertVerificationError(1, '[SSL: CERTIFICATE_VERIFY_FAILED] certificate verify failed: Missing Subject Key Identifier (_ssl.c:1032)')))
2026-02-27 18:26:29,701 Parsed 0 records for 20250722
2026-02-27 18:26:29,701 Start download 20250723
2026-02-27 18:26:29,733 Failed to download 20250723: HTTPSConnectionPool(host='www.twse.com.tw', port=443): Max retries exceeded with url: /exchangeReport/MI_INDEX?response=csv&date=20250723&type=ALL (Caused by SSLError(SSLCertVerificationError(1, '[SSL: CERTIFICATE_VERIFY_FAILED] certificate verify failed: Missing Subject Key Identifier (_ssl.c:1032)')))
2026-02-27 18:26:29,734 Parsed 0 records for 20250723
2026-02-27 18:26:29,734 Start download 20250724
2026-02-27 18:26:29,766 Failed to download 20250724: HTTPSConnectionPool(host='www.twse.com.tw', port=443): Max retries exceeded with url: /exchangeReport/MI_INDEX?response=csv&date=20250724&type=ALL (Caused by SSLError(SSLCertVerificationError(1, '[SSL: CERTIFICATE_VERIFY_FAILED] certificate verify failed: Missing Subject Key Identifier (_ssl.c:1032)')))
2026-02-27 18:26:29,767 Parsed 0 records for 20250724
2026-02-27 18:26:29,767 Start download 20250725
2026-02-27 18:26:29,809 Failed to download 20250725: HTTPSConnectionPool(host='www.twse.com.tw', port=443): Max retries exceeded with url: /exchangeReport/MI_INDEX?response=csv&date=20250725&type=ALL (Caused by SSLError(SSLCertVerificationError(1, '[SSL: CERTIFICATE_VERIFY_FAILED] certificate verify failed: Missing Subject Key Identifier (_ssl.c:1032)')))
2026-02-27 18:26:29,810 Parsed 0 records for 20250725
2026-02-27 18:26:29,810 Start download 20250728
2026-02-27 18:26:29,842 Failed to download 20250728: HTTPSConnectionPool(host='www.twse.com.tw', port=443): Max retries exceeded with url: /exchangeReport/MI_INDEX?response=csv&date=20250728&type=ALL (Caused by SSLError(SSLCertVerificationError(1, '[SSL: CERTIFICATE_VERIFY_FAILED] certificate verify failed: Missing Subject Key Identifier (_ssl.c:1032)')))
2026-02-27 18:26:29,843 Parsed 0 records for 20250728
2026-02-27 18:26:29,844 Start download 20250729
2026-02-27 18:26:29,875 Failed to download 20250729: HTTPSConnectionPool(host='www.twse.com.tw', port=443): Max retries exceeded with url: /exchangeReport/MI_INDEX?response=csv&date=20250729&type=ALL (Caused by SSLError(SSLCertVerificationError(1, '[SSL: CERTIFICATE_VERIFY_FAILED] certificate verify failed: Missing Subject Key Identifier (_ssl.c:1032)')))
2026-02-27 18:26:29,875 Parsed 0 records for 20250729
2026-02-27 18:26:29,876 Start download 20250730
2026-02-27 18:26:29,921 Failed to download 20250730: HTTPSConnectionPool(host='www.twse.com.tw', port=443): Max retries exceeded with url: /exchangeReport/MI_INDEX?response=csv&date=20250730&type=ALL (Caused by SSLError(SSLCertVerificationError(1, '[SSL: CERTIFICATE_VERIFY_FAILED] certificate verify failed: Missing Subject Key Identifier (_ssl.c:1032)')))
2026-02-27 18:26:29,921 Parsed 0 records for 20250730
2026-02-27 18:26:29,922 Start download 20250731
2026-02-27 18:26:29,945 Failed to download 20250731: HTTPSConnectionPool(host='www.twse.com.tw', port=443): Max retries exceeded with url: /exchangeReport/MI_INDEX?response=csv&date=20250731&type=ALL (Caused by SSLError(SSLCertVerificationError(1, '[SSL: CERTIFICATE_VERIFY_FAILED] certificate verify failed: Missing Subject Key Identifier (_ssl.c:1032)')))
2026-02-27 18:26:29,945 Parsed 0 records for 20250731
2026-02-27 18:26:29,946 Start download 20250801
2026-02-27 18:26:29,985 Failed to download 20250801: HTTPSConnectionPool(host='www.twse.com.tw', port=443): Max retries exceeded with url: /exchangeReport/MI_INDEX?response=csv&date=20250801&type=ALL (Caused by SSLError(SSLCertVerificationError(1, '[SSL: CERTIFICATE_VERIFY_FAILED] certificate verify failed: Missing Subject Key Identifier (_ssl.c:1032)')))
2026-02-27 18:26:29,985 Parsed 0 records for 20250801
2026-02-27 18:26:29,987 Start download 20250804
2026-02-27 18:26:30,019 Failed to download 20250804: HTTPSConnectionPool(host='www.twse.com.tw', port=443): Max retries exceeded with url: /exchangeReport/MI_INDEX?response=csv&date=20250804&type=ALL (Caused by SSLError(SSLCertVerificationError(1, '[SSL: CERTIFICATE_VERIFY_FAILED] certificate verify failed: Missing Subject Key Identifier (_ssl.c:1032)')))
2026-02-27 18:26:30,019 Parsed 0 records for 20250804
2026-02-27 18:26:30,020 Start download 20250805
2026-02-27 18:26:30,067 Failed to download 20250805: HTTPSConnectionPool(host='www.twse.com.tw', port=443): Max retries exceeded with url: /exchangeReport/MI_INDEX?response=csv&date=20250805&type=ALL (Caused by SSLError(SSLCertVerificationError(1, '[SSL: CERTIFICATE_VERIFY_FAILED] certificate verify failed: Missing Subject Key Identifier (_ssl.c:1032)')))
2026-02-27 18:26:30,068 Parsed 0 records for 20250805
2026-02-27 18:26:30,069 Start download 20250806
2026-02-27 18:26:30,126 Failed to download 20250806: HTTPSConnectionPool(host='www.twse.com.tw', port=443): Max retries exceeded with url: /exchangeReport/MI_INDEX?response=csv&date=20250806&type=ALL (Caused by SSLError(SSLCertVerificationError(1, '[SSL: CERTIFICATE_VERIFY_FAILED] certificate verify failed: Missing Subject Key Identifier (_ssl.c:1032)')))
2026-02-27 18:26:30,126 Parsed 0 records for 20250806
2026-02-27 18:26:30,127 Start download 20250807
2026-02-27 18:26:30,164 Failed to download 20250807: HTTPSConnectionPool(host='www.twse.com.tw', port=443): Max retries exceeded with url: /exchangeReport/MI_INDEX?response=csv&date=20250807&type=ALL (Caused by SSLError(SSLCertVerificationError(1, '[SSL: CERTIFICATE_VERIFY_FAILED] certificate verify failed: Missing Subject Key Identifier (_ssl.c:1032)')))
2026-02-27 18:26:30,164 Parsed 0 records for 20250807
2026-02-27 18:26:30,165 Start download 20250808
2026-02-27 18:26:30,206 Failed to download 20250808: HTTPSConnectionPool(host='www.twse.com.tw', port=443): Max retries exceeded with url: /exchangeReport/MI_INDEX?response=csv&date=20250808&type=ALL (Caused by SSLError(SSLCertVerificationError(1, '[SSL: CERTIFICATE_VERIFY_FAILED] certificate verify failed: Missing Subject Key Identifier (_ssl.c:1032)')))
2026-02-27 18:26:30,206 Parsed 0 records for 20250808
2026-02-27 18:26:30,207 Start download 20250811
2026-02-27 18:26:30,245 Failed to download 20250811: HTTPSConnectionPool(host='www.twse.com.tw', port=443): Max retries exceeded with url: /exchangeReport/MI_INDEX?response=csv&date=20250811&type=ALL (Caused by SSLError(SSLCertVerificationError(1, '[SSL: CERTIFICATE_VERIFY_FAILED] certificate verify failed: Missing Subject Key Identifier (_ssl.c:1032)')))
2026-02-27 18:26:30,246 Parsed 0 records for 20250811
2026-02-27 18:26:30,246 Start download 20250812
2026-02-27 18:26:30,288 Failed to download 20250812: HTTPSConnectionPool(host='www.twse.com.tw', port=443): Max retries exceeded with url: /exchangeReport/MI_INDEX?response=csv&date=20250812&type=ALL (Caused by SSLError(SSLCertVerificationError(1, '[SSL: CERTIFICATE_VERIFY_FAILED] certificate verify failed: Missing Subject Key Identifier (_ssl.c:1032)')))
2026-02-27 18:26:30,289 Parsed 0 records for 20250812
2026-02-27 18:26:30,290 Start download 20250813
2026-02-27 18:26:30,345 Failed to download 20250813: HTTPSConnectionPool(host='www.twse.com.tw', port=443): Max retries exceeded with url: /exchangeReport/MI_INDEX?response=csv&date=20250813&type=ALL (Caused by SSLError(SSLCertVerificationError(1, '[SSL: CERTIFICATE_VERIFY_FAILED] certificate verify failed: Missing Subject Key Identifier (_ssl.c:1032)')))
2026-02-27 18:26:30,345 Parsed 0 records for 20250813
2026-02-27 18:26:30,346 Start download 20250814
2026-02-27 18:26:30,395 Failed to download 20250814: HTTPSConnectionPool(host='www.twse.com.tw', port=443): Max retries exceeded with url: /exchangeReport/MI_INDEX?response=csv&date=20250814&type=ALL (Caused by SSLError(SSLCertVerificationError(1, '[SSL: CERTIFICATE_VERIFY_FAILED] certificate verify failed: Missing Subject Key Identifier (_ssl.c:1032)')))
2026-02-27 18:26:30,395 Parsed 0 records for 20250814
2026-02-27 18:26:30,396 Start download 20250815
2026-02-27 18:26:30,428 Failed to download 20250815: HTTPSConnectionPool(host='www.twse.com.tw', port=443): Max retries exceeded with url: /exchangeReport/MI_INDEX?response=csv&date=20250815&type=ALL (Caused by SSLError(SSLCertVerificationError(1, '[SSL: CERTIFICATE_VERIFY_FAILED] certificate verify failed: Missing Subject Key Identifier (_ssl.c:1032)')))
2026-02-27 18:26:30,428 Parsed 0 records for 20250815
2026-02-27 18:26:30,429 Start download 20250818
2026-02-27 18:26:30,460 Failed to download 20250818: HTTPSConnectionPool(host='www.twse.com.tw', port=443): Max retries exceeded with url: /exchangeReport/MI_INDEX?response=csv&date=20250818&type=ALL (Caused by SSLError(SSLCertVerificationError(1, '[SSL: CERTIFICATE_VERIFY_FAILED] certificate verify failed: Missing Subject Key Identifier (_ssl.c:1032)')))
2026-02-27 18:26:30,460 Parsed 0 records for 20250818
2026-02-27 18:26:30,461 Start download 20250819
2026-02-27 18:26:30,493 Failed to download 20250819: HTTPSConnectionPool(host='www.twse.com.tw', port=443): Max retries exceeded with url: /exchangeReport/MI_INDEX?response=csv&date=20250819&type=ALL (Caused by SSLError(SSLCertVerificationError(1, '[SSL: CERTIFICATE_VERIFY_FAILED] certificate verify failed: Missing Subject Key Identifier (_ssl.c:1032)')))
2026-02-27 18:26:30,493 Parsed 0 records for 20250819
2026-02-27 18:26:30,494 Start download 20250820
2026-02-27 18:26:30,537 Failed to download 20250820: HTTPSConnectionPool(host='www.twse.com.tw', port=443): Max retries exceeded with url: /exchangeReport/MI_INDEX?response=csv&date=20250820&type=ALL (Caused by SSLError(SSLCertVerificationError(1, '[SSL: CERTIFICATE_VERIFY_FAILED] certificate verify failed: Missing Subject Key Identifier (_ssl.c:1032)')))
2026-02-27 18:26:30,538 Parsed 0 records for 20250820
2026-02-27 18:26:30,539 Start download 20250821
2026-02-27 18:26:30,568 Failed to download 20250821: HTTPSConnectionPool(host='www.twse.com.tw', port=443): Max retries exceeded with url: /exchangeReport/MI_INDEX?response=csv&date=20250821&type=ALL (Caused by SSLError(SSLCertVerificationError(1, '[SSL: CERTIFICATE_VERIFY_FAILED] certificate verify failed: Missing Subject Key Identifier (_ssl.c:1032)')))
2026-02-27 18:26:30,569 Parsed 0 records for 20250821
2026-02-27 18:26:30,569 Start download 20250822
2026-02-27 18:26:30,600 Failed to download 20250822: HTTPSConnectionPool(host='www.twse.com.tw', port=443): Max retries exceeded with url: /exchangeReport/MI_INDEX?response=csv&date=20250822&type=ALL (Caused by SSLError(SSLCertVerificationError(1, '[SSL: CERTIFICATE_VERIFY_FAILED] certificate verify failed: Missing Subject Key Identifier (_ssl.c:1032)')))
2026-02-27 18:26:30,601 Parsed 0 records for 20250822
2026-02-27 18:26:30,601 Start download 20250825
2026-02-27 18:26:30,659 Failed to download 20250825: HTTPSConnectionPool(host='www.twse.com.tw', port=443): Max retries exceeded with url: /exchangeReport/MI_INDEX?response=csv&date=20250825&type=ALL (Caused by SSLError(SSLCertVerificationError(1, '[SSL: CERTIFICATE_VERIFY_FAILED] certificate verify failed: Missing Subject Key Identifier (_ssl.c:1032)')))
2026-02-27 18:26:30,660 Parsed 0 records for 20250825
2026-02-27 18:26:30,660 Start download 20250826
2026-02-27 18:26:30,697 Failed to download 20250826: HTTPSConnectionPool(host='www.twse.com.tw', port=443): Max retries exceeded with url: /exchangeReport/MI_INDEX?response=csv&date=20250826&type=ALL (Caused by SSLError(SSLCertVerificationError(1, '[SSL: CERTIFICATE_VERIFY_FAILED] certificate verify failed: Missing Subject Key Identifier (_ssl.c:1032)')))
2026-02-27 18:26:30,697 Parsed 0 records for 20250826
2026-02-27 18:26:30,697 Start download 20250827
2026-02-27 18:26:30,727 Failed to download 20250827: HTTPSConnectionPool(host='www.twse.com.tw', port=443): Max retries exceeded with url: /exchangeReport/MI_INDEX?response=csv&date=20250827&type=ALL (Caused by SSLError(SSLCertVerificationError(1, '[SSL: CERTIFICATE_VERIFY_FAILED] certificate verify failed: Missing Subject Key Identifier (_ssl.c:1032)')))
2026-02-27 18:26:30,728 Parsed 0 records for 20250827
2026-02-27 18:26:30,728 Start download 20250828
2026-02-27 18:26:30,758 Failed to download 20250828: HTTPSConnectionPool(host='www.twse.com.tw', port=443): Max retries exceeded with url: /exchangeReport/MI_INDEX?response=csv&date=20250828&type=ALL (Caused by SSLError(SSLCertVerificationError(1, '[SSL: CERTIFICATE_VERIFY_FAILED] certificate verify failed: Missing Subject Key Identifier (_ssl.c:1032)')))
2026-02-27 18:26:30,759 Parsed 0 records for 20250828
2026-02-27 18:26:30,760 Start download 20250829
2026-02-27 18:26:30,791 Failed to download 20250829: HTTPSConnectionPool(host='www.twse.com.tw', port=443): Max retries exceeded with url: /exchangeReport/MI_INDEX?response=csv&date=20250829&type=ALL (Caused by SSLError(SSLCertVerificationError(1, '[SSL: CERTIFICATE_VERIFY_FAILED] certificate verify failed: Missing Subject Key Identifier (_ssl.c:1032)')))
2026-02-27 18:26:30,791 Parsed 0 records for 20250829
2026-02-27 18:26:30,791 Start download 20250901
2026-02-27 18:26:30,822 Failed to download 20250901: HTTPSConnectionPool(host='www.twse.com.tw', port=443): Max retries exceeded with url: /exchangeReport/MI_INDEX?response=csv&date=20250901&type=ALL (Caused by SSLError(SSLCertVerificationError(1, '[SSL: CERTIFICATE_VERIFY_FAILED] certificate verify failed: Missing Subject Key Identifier (_ssl.c:1032)')))
2026-02-27 18:26:30,822 Parsed 0 records for 20250901
2026-02-27 18:26:30,823 Start download 20250902
2026-02-27 18:26:30,866 Failed to download 20250902: HTTPSConnectionPool(host='www.twse.com.tw', port=443): Max retries exceeded with url: /exchangeReport/MI_INDEX?response=csv&date=20250902&type=ALL (Caused by SSLError(SSLCertVerificationError(1, '[SSL: CERTIFICATE_VERIFY_FAILED] certificate verify failed: Missing Subject Key Identifier (_ssl.c:1032)')))
2026-02-27 18:26:30,866 Parsed 0 records for 20250902
2026-02-27 18:26:30,867 Start download 20250903
2026-02-27 18:26:30,902 Failed to download 20250903: HTTPSConnectionPool(host='www.twse.com.tw', port=443): Max retries exceeded with url: /exchangeReport/MI_INDEX?response=csv&date=20250903&type=ALL (Caused by SSLError(SSLCertVerificationError(1, '[SSL: CERTIFICATE_VERIFY_FAILED] certificate verify failed: Missing Subject Key Identifier (_ssl.c:1032)')))
2026-02-27 18:26:30,902 Parsed 0 records for 20250903
2026-02-27 18:26:30,903 Start download 20250904
2026-02-27 18:26:30,934 Failed to download 20250904: HTTPSConnectionPool(host='www.twse.com.tw', port=443): Max retries exceeded with url: /exchangeReport/MI_INDEX?response=csv&date=20250904&type=ALL (Caused by SSLError(SSLCertVerificationError(1, '[SSL: CERTIFICATE_VERIFY_FAILED] certificate verify failed: Missing Subject Key Identifier (_ssl.c:1032)')))
2026-02-27 18:26:30,935 Parsed 0 records for 20250904
2026-02-27 18:26:30,935 Start download 20250905
2026-02-27 18:26:30,979 Failed to download 20250905: HTTPSConnectionPool(host='www.twse.com.tw', port=443): Max retries exceeded with url: /exchangeReport/MI_INDEX?response=csv&date=20250905&type=ALL (Caused by SSLError(SSLCertVerificationError(1, '[SSL: CERTIFICATE_VERIFY_FAILED] certificate verify failed: Missing Subject Key Identifier (_ssl.c:1032)')))
2026-02-27 18:26:30,979 Parsed 0 records for 20250905
2026-02-27 18:26:30,980 Start download 20250908
2026-02-27 18:26:31,026 Failed to download 20250908: HTTPSConnectionPool(host='www.twse.com.tw', port=443): Max retries exceeded with url: /exchangeReport/MI_INDEX?response=csv&date=20250908&type=ALL (Caused by SSLError(SSLCertVerificationError(1, '[SSL: CERTIFICATE_VERIFY_FAILED] certificate verify failed: Missing Subject Key Identifier (_ssl.c:1032)')))
2026-02-27 18:26:31,026 Parsed 0 records for 20250908
2026-02-27 18:26:31,027 Start download 20250909
2026-02-27 18:26:31,059 Failed to download 20250909: HTTPSConnectionPool(host='www.twse.com.tw', port=443): Max retries exceeded with url: /exchangeReport/MI_INDEX?response=csv&date=20250909&type=ALL (Caused by SSLError(SSLCertVerificationError(1, '[SSL: CERTIFICATE_VERIFY_FAILED] certificate verify failed: Missing Subject Key Identifier (_ssl.c:1032)')))
2026-02-27 18:26:31,060 Parsed 0 records for 20250909
2026-02-27 18:26:31,060 Start download 20250910
2026-02-27 18:26:31,104 Failed to download 20250910: HTTPSConnectionPool(host='www.twse.com.tw', port=443): Max retries exceeded with url: /exchangeReport/MI_INDEX?response=csv&date=20250910&type=ALL (Caused by SSLError(SSLCertVerificationError(1, '[SSL: CERTIFICATE_VERIFY_FAILED] certificate verify failed: Missing Subject Key Identifier (_ssl.c:1032)')))
2026-02-27 18:26:31,104 Parsed 0 records for 20250910
2026-02-27 18:26:31,105 Start download 20250911
2026-02-27 18:26:31,138 Failed to download 20250911: HTTPSConnectionPool(host='www.twse.com.tw', port=443): Max retries exceeded with url: /exchangeReport/MI_INDEX?response=csv&date=20250911&type=ALL (Caused by SSLError(SSLCertVerificationError(1, '[SSL: CERTIFICATE_VERIFY_FAILED] certificate verify failed: Missing Subject Key Identifier (_ssl.c:1032)')))
2026-02-27 18:26:31,138 Parsed 0 records for 20250911
2026-02-27 18:26:31,138 Start download 20250912
2026-02-27 18:26:31,169 Failed to download 20250912: HTTPSConnectionPool(host='www.twse.com.tw', port=443): Max retries exceeded with url: /exchangeReport/MI_INDEX?response=csv&date=20250912&type=ALL (Caused by SSLError(SSLCertVerificationError(1, '[SSL: CERTIFICATE_VERIFY_FAILED] certificate verify failed: Missing Subject Key Identifier (_ssl.c:1032)')))
2026-02-27 18:26:31,169 Parsed 0 records for 20250912
2026-02-27 18:26:31,171 Start download 20250915
2026-02-27 18:26:31,202 Failed to download 20250915: HTTPSConnectionPool(host='www.twse.com.tw', port=443): Max retries exceeded with url: /exchangeReport/MI_INDEX?response=csv&date=20250915&type=ALL (Caused by SSLError(SSLCertVerificationError(1, '[SSL: CERTIFICATE_VERIFY_FAILED] certificate verify failed: Missing Subject Key Identifier (_ssl.c:1032)')))
2026-02-27 18:26:31,202 Parsed 0 records for 20250915
2026-02-27 18:26:31,202 Start download 20250916
2026-02-27 18:26:31,232 Failed to download 20250916: HTTPSConnectionPool(host='www.twse.com.tw', port=443): Max retries exceeded with url: /exchangeReport/MI_INDEX?response=csv&date=20250916&type=ALL (Caused by SSLError(SSLCertVerificationError(1, '[SSL: CERTIFICATE_VERIFY_FAILED] certificate verify failed: Missing Subject Key Identifier (_ssl.c:1032)')))
2026-02-27 18:26:31,233 Parsed 0 records for 20250916
2026-02-27 18:26:31,234 Start download 20250917
2026-02-27 18:26:31,253 Failed to download 20250917: HTTPSConnectionPool(host='www.twse.com.tw', port=443): Max retries exceeded with url: /exchangeReport/MI_INDEX?response=csv&date=20250917&type=ALL (Caused by SSLError(SSLCertVerificationError(1, '[SSL: CERTIFICATE_VERIFY_FAILED] certificate verify failed: Missing Subject Key Identifier (_ssl.c:1032)')))
2026-02-27 18:26:31,253 Parsed 0 records for 20250917
2026-02-27 18:26:31,254 Start download 20250918
2026-02-27 18:26:31,297 Failed to download 20250918: HTTPSConnectionPool(host='www.twse.com.tw', port=443): Max retries exceeded with url: /exchangeReport/MI_INDEX?response=csv&date=20250918&type=ALL (Caused by SSLError(SSLCertVerificationError(1, '[SSL: CERTIFICATE_VERIFY_FAILED] certificate verify failed: Missing Subject Key Identifier (_ssl.c:1032)')))
2026-02-27 18:26:31,297 Parsed 0 records for 20250918
2026-02-27 18:26:31,298 Start download 20250919
2026-02-27 18:26:31,316 Failed to download 20250919: HTTPSConnectionPool(host='www.twse.com.tw', port=443): Max retries exceeded with url: /exchangeReport/MI_INDEX?response=csv&date=20250919&type=ALL (Caused by SSLError(SSLCertVerificationError(1, '[SSL: CERTIFICATE_VERIFY_FAILED] certificate verify failed: Missing Subject Key Identifier (_ssl.c:1032)')))
2026-02-27 18:26:31,317 Parsed 0 records for 20250919
2026-02-27 18:26:31,317 Start download 20250922
2026-02-27 18:26:31,338 Failed to download 20250922: HTTPSConnectionPool(host='www.twse.com.tw', port=443): Max retries exceeded with url: /exchangeReport/MI_INDEX?response=csv&date=20250922&type=ALL (Caused by SSLError(SSLCertVerificationError(1, '[SSL: CERTIFICATE_VERIFY_FAILED] certificate verify failed: Missing Subject Key Identifier (_ssl.c:1032)')))
2026-02-27 18:26:31,338 Parsed 0 records for 20250922
2026-02-27 18:26:31,339 Start download 20250923
2026-02-27 18:26:31,375 Failed to download 20250923: HTTPSConnectionPool(host='www.twse.com.tw', port=443): Max retries exceeded with url: /exchangeReport/MI_INDEX?response=csv&date=20250923&type=ALL (Caused by SSLError(SSLCertVerificationError(1, '[SSL: CERTIFICATE_VERIFY_FAILED] certificate verify failed: Missing Subject Key Identifier (_ssl.c:1032)')))
2026-02-27 18:26:31,375 Parsed 0 records for 20250923
2026-02-27 18:26:31,376 Start download 20250924
2026-02-27 18:26:31,408 Failed to download 20250924: HTTPSConnectionPool(host='www.twse.com.tw', port=443): Max retries exceeded with url: /exchangeReport/MI_INDEX?response=csv&date=20250924&type=ALL (Caused by SSLError(SSLCertVerificationError(1, '[SSL: CERTIFICATE_VERIFY_FAILED] certificate verify failed: Missing Subject Key Identifier (_ssl.c:1032)')))
2026-02-27 18:26:31,409 Parsed 0 records for 20250924
2026-02-27 18:26:31,410 Start download 20250925
2026-02-27 18:26:31,454 Failed to download 20250925: HTTPSConnectionPool(host='www.twse.com.tw', port=443): Max retries exceeded with url: /exchangeReport/MI_INDEX?response=csv&date=20250925&type=ALL (Caused by SSLError(SSLCertVerificationError(1, '[SSL: CERTIFICATE_VERIFY_FAILED] certificate verify failed: Missing Subject Key Identifier (_ssl.c:1032)')))
2026-02-27 18:26:31,454 Parsed 0 records for 20250925
2026-02-27 18:26:31,455 Start download 20250926
2026-02-27 18:26:31,486 Failed to download 20250926: HTTPSConnectionPool(host='www.twse.com.tw', port=443): Max retries exceeded with url: /exchangeReport/MI_INDEX?response=csv&date=20250926&type=ALL (Caused by SSLError(SSLCertVerificationError(1, '[SSL: CERTIFICATE_VERIFY_FAILED] certificate verify failed: Missing Subject Key Identifier (_ssl.c:1032)')))
2026-02-27 18:26:31,487 Parsed 0 records for 20250926
2026-02-27 18:26:31,487 Start download 20250929
2026-02-27 18:26:31,517 Failed to download 20250929: HTTPSConnectionPool(host='www.twse.com.tw', port=443): Max retries exceeded with url: /exchangeReport/MI_INDEX?response=csv&date=20250929&type=ALL (Caused by SSLError(SSLCertVerificationError(1, '[SSL: CERTIFICATE_VERIFY_FAILED] certificate verify failed: Missing Subject Key Identifier (_ssl.c:1032)')))
2026-02-27 18:26:31,518 Parsed 0 records for 20250929
2026-02-27 18:26:31,518 Start download 20250930
2026-02-27 18:26:31,544 Failed to download 20250930: HTTPSConnectionPool(host='www.twse.com.tw', port=443): Max retries exceeded with url: /exchangeReport/MI_INDEX?response=csv&date=20250930&type=ALL (Caused by SSLError(SSLCertVerificationError(1, '[SSL: CERTIFICATE_VERIFY_FAILED] certificate verify failed: Missing Subject Key Identifier (_ssl.c:1032)')))
2026-02-27 18:26:31,544 Parsed 0 records for 20250930
2026-02-27 18:26:31,544 Start download 20251001
2026-02-27 18:26:31,581 Failed to download 20251001: HTTPSConnectionPool(host='www.twse.com.tw', port=443): Max retries exceeded with url: /exchangeReport/MI_INDEX?response=csv&date=20251001&type=ALL (Caused by SSLError(SSLCertVerificationError(1, '[SSL: CERTIFICATE_VERIFY_FAILED] certificate verify failed: Missing Subject Key Identifier (_ssl.c:1032)')))
2026-02-27 18:26:31,581 Parsed 0 records for 20251001
2026-02-27 18:26:31,581 Start download 20251002
2026-02-27 18:26:31,627 Failed to download 20251002: HTTPSConnectionPool(host='www.twse.com.tw', port=443): Max retries exceeded with url: /exchangeReport/MI_INDEX?response=csv&date=20251002&type=ALL (Caused by SSLError(SSLCertVerificationError(1, '[SSL: CERTIFICATE_VERIFY_FAILED] certificate verify failed: Missing Subject Key Identifier (_ssl.c:1032)')))
2026-02-27 18:26:31,627 Parsed 0 records for 20251002
2026-02-27 18:26:31,628 Start download 20251003
2026-02-27 18:26:31,659 Failed to download 20251003: HTTPSConnectionPool(host='www.twse.com.tw', port=443): Max retries exceeded with url: /exchangeReport/MI_INDEX?response=csv&date=20251003&type=ALL (Caused by SSLError(SSLCertVerificationError(1, '[SSL: CERTIFICATE_VERIFY_FAILED] certificate verify failed: Missing Subject Key Identifier (_ssl.c:1032)')))
2026-02-27 18:26:31,660 Parsed 0 records for 20251003
2026-02-27 18:26:31,660 Start download 20251006
2026-02-27 18:26:31,692 Failed to download 20251006: HTTPSConnectionPool(host='www.twse.com.tw', port=443): Max retries exceeded with url: /exchangeReport/MI_INDEX?response=csv&date=20251006&type=ALL (Caused by SSLError(SSLCertVerificationError(1, '[SSL: CERTIFICATE_VERIFY_FAILED] certificate verify failed: Missing Subject Key Identifier (_ssl.c:1032)')))
2026-02-27 18:26:31,692 Parsed 0 records for 20251006
2026-02-27 18:26:31,693 Start download 20251007
2026-02-27 18:26:31,723 Failed to download 20251007: HTTPSConnectionPool(host='www.twse.com.tw', port=443): Max retries exceeded with url: /exchangeReport/MI_INDEX?response=csv&date=20251007&type=ALL (Caused by SSLError(SSLCertVerificationError(1, '[SSL: CERTIFICATE_VERIFY_FAILED] certificate verify failed: Missing Subject Key Identifier (_ssl.c:1032)')))
2026-02-27 18:26:31,723 Parsed 0 records for 20251007
2026-02-27 18:26:31,724 Start download 20251008
2026-02-27 18:26:31,765 Failed to download 20251008: HTTPSConnectionPool(host='www.twse.com.tw', port=443): Max retries exceeded with url: /exchangeReport/MI_INDEX?response=csv&date=20251008&type=ALL (Caused by SSLError(SSLCertVerificationError(1, '[SSL: CERTIFICATE_VERIFY_FAILED] certificate verify failed: Missing Subject Key Identifier (_ssl.c:1032)')))
2026-02-27 18:26:31,766 Parsed 0 records for 20251008
2026-02-27 18:26:31,767 Start download 20251009
2026-02-27 18:26:31,801 Failed to download 20251009: HTTPSConnectionPool(host='www.twse.com.tw', port=443): Max retries exceeded with url: /exchangeReport/MI_INDEX?response=csv&date=20251009&type=ALL (Caused by SSLError(SSLCertVerificationError(1, '[SSL: CERTIFICATE_VERIFY_FAILED] certificate verify failed: Missing Subject Key Identifier (_ssl.c:1032)')))
2026-02-27 18:26:31,802 Parsed 0 records for 20251009
2026-02-27 18:26:31,802 Start download 20251010
2026-02-27 18:26:31,833 Failed to download 20251010: HTTPSConnectionPool(host='www.twse.com.tw', port=443): Max retries exceeded with url: /exchangeReport/MI_INDEX?response=csv&date=20251010&type=ALL (Caused by SSLError(SSLCertVerificationError(1, '[SSL: CERTIFICATE_VERIFY_FAILED] certificate verify failed: Missing Subject Key Identifier (_ssl.c:1032)')))
2026-02-27 18:26:31,833 Parsed 0 records for 20251010
2026-02-27 18:26:31,833 Start download 20251013
2026-02-27 18:26:31,868 Failed to download 20251013: HTTPSConnectionPool(host='www.twse.com.tw', port=443): Max retries exceeded with url: /exchangeReport/MI_INDEX?response=csv&date=20251013&type=ALL (Caused by SSLError(SSLCertVerificationError(1, '[SSL: CERTIFICATE_VERIFY_FAILED] certificate verify failed: Missing Subject Key Identifier (_ssl.c:1032)')))
2026-02-27 18:26:31,869 Parsed 0 records for 20251013
2026-02-27 18:26:31,870 Start download 20251014
2026-02-27 18:26:31,915 Failed to download 20251014: HTTPSConnectionPool(host='www.twse.com.tw', port=443): Max retries exceeded with url: /exchangeReport/MI_INDEX?response=csv&date=20251014&type=ALL (Caused by SSLError(SSLCertVerificationError(1, '[SSL: CERTIFICATE_VERIFY_FAILED] certificate verify failed: Missing Subject Key Identifier (_ssl.c:1032)')))
2026-02-27 18:26:31,915 Parsed 0 records for 20251014
2026-02-27 18:26:31,916 Start download 20251015
2026-02-27 18:26:31,959 Failed to download 20251015: HTTPSConnectionPool(host='www.twse.com.tw', port=443): Max retries exceeded with url: /exchangeReport/MI_INDEX?response=csv&date=20251015&type=ALL (Caused by SSLError(SSLCertVerificationError(1, '[SSL: CERTIFICATE_VERIFY_FAILED] certificate verify failed: Missing Subject Key Identifier (_ssl.c:1032)')))
2026-02-27 18:26:31,959 Parsed 0 records for 20251015
2026-02-27 18:26:31,960 Start download 20251016
2026-02-27 18:26:32,003 Failed to download 20251016: HTTPSConnectionPool(host='www.twse.com.tw', port=443): Max retries exceeded with url: /exchangeReport/MI_INDEX?response=csv&date=20251016&type=ALL (Caused by SSLError(SSLCertVerificationError(1, '[SSL: CERTIFICATE_VERIFY_FAILED] certificate verify failed: Missing Subject Key Identifier (_ssl.c:1032)')))
2026-02-27 18:26:32,003 Parsed 0 records for 20251016
2026-02-27 18:26:32,005 Start download 20251017
2026-02-27 18:26:32,039 Failed to download 20251017: HTTPSConnectionPool(host='www.twse.com.tw', port=443): Max retries exceeded with url: /exchangeReport/MI_INDEX?response=csv&date=20251017&type=ALL (Caused by SSLError(SSLCertVerificationError(1, '[SSL: CERTIFICATE_VERIFY_FAILED] certificate verify failed: Missing Subject Key Identifier (_ssl.c:1032)')))
2026-02-27 18:26:32,039 Parsed 0 records for 20251017
2026-02-27 18:26:32,041 Start download 20251020
2026-02-27 18:26:32,061 Failed to download 20251020: HTTPSConnectionPool(host='www.twse.com.tw', port=443): Max retries exceeded with url: /exchangeReport/MI_INDEX?response=csv&date=20251020&type=ALL (Caused by SSLError(SSLCertVerificationError(1, '[SSL: CERTIFICATE_VERIFY_FAILED] certificate verify failed: Missing Subject Key Identifier (_ssl.c:1032)')))
2026-02-27 18:26:32,062 Parsed 0 records for 20251020
2026-02-27 18:26:32,062 Start download 20251021
2026-02-27 18:26:32,100 Failed to download 20251021: HTTPSConnectionPool(host='www.twse.com.tw', port=443): Max retries exceeded with url: /exchangeReport/MI_INDEX?response=csv&date=20251021&type=ALL (Caused by SSLError(SSLCertVerificationError(1, '[SSL: CERTIFICATE_VERIFY_FAILED] certificate verify failed: Missing Subject Key Identifier (_ssl.c:1032)')))
2026-02-27 18:26:32,100 Parsed 0 records for 20251021
2026-02-27 18:26:32,100 Start download 20251022
2026-02-27 18:26:32,132 Failed to download 20251022: HTTPSConnectionPool(host='www.twse.com.tw', port=443): Max retries exceeded with url: /exchangeReport/MI_INDEX?response=csv&date=20251022&type=ALL (Caused by SSLError(SSLCertVerificationError(1, '[SSL: CERTIFICATE_VERIFY_FAILED] certificate verify failed: Missing Subject Key Identifier (_ssl.c:1032)')))
2026-02-27 18:26:32,132 Parsed 0 records for 20251022
2026-02-27 18:26:32,133 Start download 20251023
2026-02-27 18:26:32,178 Failed to download 20251023: HTTPSConnectionPool(host='www.twse.com.tw', port=443): Max retries exceeded with url: /exchangeReport/MI_INDEX?response=csv&date=20251023&type=ALL (Caused by SSLError(SSLCertVerificationError(1, '[SSL: CERTIFICATE_VERIFY_FAILED] certificate verify failed: Missing Subject Key Identifier (_ssl.c:1032)')))
2026-02-27 18:26:32,178 Parsed 0 records for 20251023
2026-02-27 18:26:32,179 Start download 20251024
2026-02-27 18:26:32,210 Failed to download 20251024: HTTPSConnectionPool(host='www.twse.com.tw', port=443): Max retries exceeded with url: /exchangeReport/MI_INDEX?response=csv&date=20251024&type=ALL (Caused by SSLError(SSLCertVerificationError(1, '[SSL: CERTIFICATE_VERIFY_FAILED] certificate verify failed: Missing Subject Key Identifier (_ssl.c:1032)')))
2026-02-27 18:26:32,211 Parsed 0 records for 20251024
2026-02-27 18:26:32,212 Start download 20251027
2026-02-27 18:26:32,242 Failed to download 20251027: HTTPSConnectionPool(host='www.twse.com.tw', port=443): Max retries exceeded with url: /exchangeReport/MI_INDEX?response=csv&date=20251027&type=ALL (Caused by SSLError(SSLCertVerificationError(1, '[SSL: CERTIFICATE_VERIFY_FAILED] certificate verify failed: Missing Subject Key Identifier (_ssl.c:1032)')))
2026-02-27 18:26:32,243 Parsed 0 records for 20251027
2026-02-27 18:26:32,244 Start download 20251028
2026-02-27 18:26:32,274 Failed to download 20251028: HTTPSConnectionPool(host='www.twse.com.tw', port=443): Max retries exceeded with url: /exchangeReport/MI_INDEX?response=csv&date=20251028&type=ALL (Caused by SSLError(SSLCertVerificationError(1, '[SSL: CERTIFICATE_VERIFY_FAILED] certificate verify failed: Missing Subject Key Identifier (_ssl.c:1032)')))
2026-02-27 18:26:32,275 Parsed 0 records for 20251028
2026-02-27 18:26:32,276 Start download 20251029
2026-02-27 18:26:32,305 Failed to download 20251029: HTTPSConnectionPool(host='www.twse.com.tw', port=443): Max retries exceeded with url: /exchangeReport/MI_INDEX?response=csv&date=20251029&type=ALL (Caused by SSLError(SSLCertVerificationError(1, '[SSL: CERTIFICATE_VERIFY_FAILED] certificate verify failed: Missing Subject Key Identifier (_ssl.c:1032)')))
2026-02-27 18:26:32,306 Parsed 0 records for 20251029
2026-02-27 18:26:32,307 Start download 20251030
2026-02-27 18:26:32,353 Failed to download 20251030: HTTPSConnectionPool(host='www.twse.com.tw', port=443): Max retries exceeded with url: /exchangeReport/MI_INDEX?response=csv&date=20251030&type=ALL (Caused by SSLError(SSLCertVerificationError(1, '[SSL: CERTIFICATE_VERIFY_FAILED] certificate verify failed: Missing Subject Key Identifier (_ssl.c:1032)')))
2026-02-27 18:26:32,353 Parsed 0 records for 20251030
2026-02-27 18:26:32,353 Start download 20251031
2026-02-27 18:26:32,401 Failed to download 20251031: HTTPSConnectionPool(host='www.twse.com.tw', port=443): Max retries exceeded with url: /exchangeReport/MI_INDEX?response=csv&date=20251031&type=ALL (Caused by SSLError(SSLCertVerificationError(1, '[SSL: CERTIFICATE_VERIFY_FAILED] certificate verify failed: Missing Subject Key Identifier (_ssl.c:1032)')))
2026-02-27 18:26:32,401 Parsed 0 records for 20251031
2026-02-27 18:26:32,401 Start download 20251103
2026-02-27 18:26:32,434 Failed to download 20251103: HTTPSConnectionPool(host='www.twse.com.tw', port=443): Max retries exceeded with url: /exchangeReport/MI_INDEX?response=csv&date=20251103&type=ALL (Caused by SSLError(SSLCertVerificationError(1, '[SSL: CERTIFICATE_VERIFY_FAILED] certificate verify failed: Missing Subject Key Identifier (_ssl.c:1032)')))
2026-02-27 18:26:32,434 Parsed 0 records for 20251103
2026-02-27 18:26:32,436 Start download 20251104
2026-02-27 18:26:32,483 Failed to download 20251104: HTTPSConnectionPool(host='www.twse.com.tw', port=443): Max retries exceeded with url: /exchangeReport/MI_INDEX?response=csv&date=20251104&type=ALL (Caused by SSLError(SSLCertVerificationError(1, '[SSL: CERTIFICATE_VERIFY_FAILED] certificate verify failed: Missing Subject Key Identifier (_ssl.c:1032)')))
2026-02-27 18:26:32,483 Parsed 0 records for 20251104
2026-02-27 18:26:32,484 Start download 20251105
2026-02-27 18:26:32,528 Failed to download 20251105: HTTPSConnectionPool(host='www.twse.com.tw', port=443): Max retries exceeded with url: /exchangeReport/MI_INDEX?response=csv&date=20251105&type=ALL (Caused by SSLError(SSLCertVerificationError(1, '[SSL: CERTIFICATE_VERIFY_FAILED] certificate verify failed: Missing Subject Key Identifier (_ssl.c:1032)')))
2026-02-27 18:26:32,528 Parsed 0 records for 20251105
2026-02-27 18:26:32,528 Start download 20251106
2026-02-27 18:26:32,559 Failed to download 20251106: HTTPSConnectionPool(host='www.twse.com.tw', port=443): Max retries exceeded with url: /exchangeReport/MI_INDEX?response=csv&date=20251106&type=ALL (Caused by SSLError(SSLCertVerificationError(1, '[SSL: CERTIFICATE_VERIFY_FAILED] certificate verify failed: Missing Subject Key Identifier (_ssl.c:1032)')))
2026-02-27 18:26:32,560 Parsed 0 records for 20251106
2026-02-27 18:26:32,561 Start download 20251107
2026-02-27 18:26:32,603 Failed to download 20251107: HTTPSConnectionPool(host='www.twse.com.tw', port=443): Max retries exceeded with url: /exchangeReport/MI_INDEX?response=csv&date=20251107&type=ALL (Caused by SSLError(SSLCertVerificationError(1, '[SSL: CERTIFICATE_VERIFY_FAILED] certificate verify failed: Missing Subject Key Identifier (_ssl.c:1032)')))
2026-02-27 18:26:32,604 Parsed 0 records for 20251107
2026-02-27 18:26:32,604 Start download 20251110
2026-02-27 18:26:32,636 Failed to download 20251110: HTTPSConnectionPool(host='www.twse.com.tw', port=443): Max retries exceeded with url: /exchangeReport/MI_INDEX?response=csv&date=20251110&type=ALL (Caused by SSLError(SSLCertVerificationError(1, '[SSL: CERTIFICATE_VERIFY_FAILED] certificate verify failed: Missing Subject Key Identifier (_ssl.c:1032)')))
2026-02-27 18:26:32,636 Parsed 0 records for 20251110
2026-02-27 18:26:32,636 Start download 20251111
2026-02-27 18:26:32,666 Failed to download 20251111: HTTPSConnectionPool(host='www.twse.com.tw', port=443): Max retries exceeded with url: /exchangeReport/MI_INDEX?response=csv&date=20251111&type=ALL (Caused by SSLError(SSLCertVerificationError(1, '[SSL: CERTIFICATE_VERIFY_FAILED] certificate verify failed: Missing Subject Key Identifier (_ssl.c:1032)')))
2026-02-27 18:26:32,667 Parsed 0 records for 20251111
2026-02-27 18:26:32,667 Start download 20251112
2026-02-27 18:26:32,697 Failed to download 20251112: HTTPSConnectionPool(host='www.twse.com.tw', port=443): Max retries exceeded with url: /exchangeReport/MI_INDEX?response=csv&date=20251112&type=ALL (Caused by SSLError(SSLCertVerificationError(1, '[SSL: CERTIFICATE_VERIFY_FAILED] certificate verify failed: Missing Subject Key Identifier (_ssl.c:1032)')))
2026-02-27 18:26:32,698 Parsed 0 records for 20251112
2026-02-27 18:26:32,700 Start download 20251113
2026-02-27 18:26:32,731 Failed to download 20251113: HTTPSConnectionPool(host='www.twse.com.tw', port=443): Max retries exceeded with url: /exchangeReport/MI_INDEX?response=csv&date=20251113&type=ALL (Caused by SSLError(SSLCertVerificationError(1, '[SSL: CERTIFICATE_VERIFY_FAILED] certificate verify failed: Missing Subject Key Identifier (_ssl.c:1032)')))
2026-02-27 18:26:32,732 Parsed 0 records for 20251113
2026-02-27 18:26:32,732 Start download 20251114
2026-02-27 18:26:32,791 Failed to download 20251114: HTTPSConnectionPool(host='www.twse.com.tw', port=443): Max retries exceeded with url: /exchangeReport/MI_INDEX?response=csv&date=20251114&type=ALL (Caused by SSLError(SSLCertVerificationError(1, '[SSL: CERTIFICATE_VERIFY_FAILED] certificate verify failed: Missing Subject Key Identifier (_ssl.c:1032)')))
2026-02-27 18:26:32,791 Parsed 0 records for 20251114
2026-02-27 18:26:32,791 Start download 20251117
2026-02-27 18:26:32,823 Failed to download 20251117: HTTPSConnectionPool(host='www.twse.com.tw', port=443): Max retries exceeded with url: /exchangeReport/MI_INDEX?response=csv&date=20251117&type=ALL (Caused by SSLError(SSLCertVerificationError(1, '[SSL: CERTIFICATE_VERIFY_FAILED] certificate verify failed: Missing Subject Key Identifier (_ssl.c:1032)')))
2026-02-27 18:26:32,823 Parsed 0 records for 20251117
2026-02-27 18:26:32,824 Start download 20251118
2026-02-27 18:26:32,853 Failed to download 20251118: HTTPSConnectionPool(host='www.twse.com.tw', port=443): Max retries exceeded with url: /exchangeReport/MI_INDEX?response=csv&date=20251118&type=ALL (Caused by SSLError(SSLCertVerificationError(1, '[SSL: CERTIFICATE_VERIFY_FAILED] certificate verify failed: Missing Subject Key Identifier (_ssl.c:1032)')))
2026-02-27 18:26:32,854 Parsed 0 records for 20251118
2026-02-27 18:26:32,854 Start download 20251119
2026-02-27 18:26:32,899 Failed to download 20251119: HTTPSConnectionPool(host='www.twse.com.tw', port=443): Max retries exceeded with url: /exchangeReport/MI_INDEX?response=csv&date=20251119&type=ALL (Caused by SSLError(SSLCertVerificationError(1, '[SSL: CERTIFICATE_VERIFY_FAILED] certificate verify failed: Missing Subject Key Identifier (_ssl.c:1032)')))
2026-02-27 18:26:32,899 Parsed 0 records for 20251119
2026-02-27 18:26:32,900 Start download 20251120
2026-02-27 18:26:32,932 Failed to download 20251120: HTTPSConnectionPool(host='www.twse.com.tw', port=443): Max retries exceeded with url: /exchangeReport/MI_INDEX?response=csv&date=20251120&type=ALL (Caused by SSLError(SSLCertVerificationError(1, '[SSL: CERTIFICATE_VERIFY_FAILED] certificate verify failed: Missing Subject Key Identifier (_ssl.c:1032)')))
2026-02-27 18:26:32,932 Parsed 0 records for 20251120
2026-02-27 18:26:32,933 Start download 20251121
2026-02-27 18:26:32,964 Failed to download 20251121: HTTPSConnectionPool(host='www.twse.com.tw', port=443): Max retries exceeded with url: /exchangeReport/MI_INDEX?response=csv&date=20251121&type=ALL (Caused by SSLError(SSLCertVerificationError(1, '[SSL: CERTIFICATE_VERIFY_FAILED] certificate verify failed: Missing Subject Key Identifier (_ssl.c:1032)')))
2026-02-27 18:26:32,964 Parsed 0 records for 20251121
2026-02-27 18:26:32,965 Start download 20251124
2026-02-27 18:26:33,004 Failed to download 20251124: HTTPSConnectionPool(host='www.twse.com.tw', port=443): Max retries exceeded with url: /exchangeReport/MI_INDEX?response=csv&date=20251124&type=ALL (Caused by SSLError(SSLCertVerificationError(1, '[SSL: CERTIFICATE_VERIFY_FAILED] certificate verify failed: Missing Subject Key Identifier (_ssl.c:1032)')))
2026-02-27 18:26:33,004 Parsed 0 records for 20251124
2026-02-27 18:26:33,005 Start download 20251125
2026-02-27 18:26:33,042 Failed to download 20251125: HTTPSConnectionPool(host='www.twse.com.tw', port=443): Max retries exceeded with url: /exchangeReport/MI_INDEX?response=csv&date=20251125&type=ALL (Caused by SSLError(SSLCertVerificationError(1, '[SSL: CERTIFICATE_VERIFY_FAILED] certificate verify failed: Missing Subject Key Identifier (_ssl.c:1032)')))
2026-02-27 18:26:33,042 Parsed 0 records for 20251125
2026-02-27 18:26:33,043 Start download 20251126
2026-02-27 18:26:33,075 Failed to download 20251126: HTTPSConnectionPool(host='www.twse.com.tw', port=443): Max retries exceeded with url: /exchangeReport/MI_INDEX?response=csv&date=20251126&type=ALL (Caused by SSLError(SSLCertVerificationError(1, '[SSL: CERTIFICATE_VERIFY_FAILED] certificate verify failed: Missing Subject Key Identifier (_ssl.c:1032)')))
2026-02-27 18:26:33,076 Parsed 0 records for 20251126
2026-02-27 18:26:33,077 Start download 20251127
2026-02-27 18:26:33,119 Failed to download 20251127: HTTPSConnectionPool(host='www.twse.com.tw', port=443): Max retries exceeded with url: /exchangeReport/MI_INDEX?response=csv&date=20251127&type=ALL (Caused by SSLError(SSLCertVerificationError(1, '[SSL: CERTIFICATE_VERIFY_FAILED] certificate verify failed: Missing Subject Key Identifier (_ssl.c:1032)')))
2026-02-27 18:26:33,120 Parsed 0 records for 20251127
2026-02-27 18:26:33,120 Start download 20251128
2026-02-27 18:26:33,140 Failed to download 20251128: HTTPSConnectionPool(host='www.twse.com.tw', port=443): Max retries exceeded with url: /exchangeReport/MI_INDEX?response=csv&date=20251128&type=ALL (Caused by SSLError(SSLCertVerificationError(1, '[SSL: CERTIFICATE_VERIFY_FAILED] certificate verify failed: Missing Subject Key Identifier (_ssl.c:1032)')))
2026-02-27 18:26:33,140 Parsed 0 records for 20251128
2026-02-27 18:26:33,142 Start download 20251201
2026-02-27 18:26:33,169 Failed to download 20251201: HTTPSConnectionPool(host='www.twse.com.tw', port=443): Max retries exceeded with url: /exchangeReport/MI_INDEX?response=csv&date=20251201&type=ALL (Caused by SSLError(SSLCertVerificationError(1, '[SSL: CERTIFICATE_VERIFY_FAILED] certificate verify failed: Missing Subject Key Identifier (_ssl.c:1032)')))
2026-02-27 18:26:33,169 Parsed 0 records for 20251201
2026-02-27 18:26:33,170 Start download 20251202
2026-02-27 18:26:33,199 Failed to download 20251202: HTTPSConnectionPool(host='www.twse.com.tw', port=443): Max retries exceeded with url: /exchangeReport/MI_INDEX?response=csv&date=20251202&type=ALL (Caused by SSLError(SSLCertVerificationError(1, '[SSL: CERTIFICATE_VERIFY_FAILED] certificate verify failed: Missing Subject Key Identifier (_ssl.c:1032)')))
2026-02-27 18:26:33,200 Parsed 0 records for 20251202
2026-02-27 18:26:33,200 Start download 20251203
2026-02-27 18:26:33,232 Failed to download 20251203: HTTPSConnectionPool(host='www.twse.com.tw', port=443): Max retries exceeded with url: /exchangeReport/MI_INDEX?response=csv&date=20251203&type=ALL (Caused by SSLError(SSLCertVerificationError(1, '[SSL: CERTIFICATE_VERIFY_FAILED] certificate verify failed: Missing Subject Key Identifier (_ssl.c:1032)')))
2026-02-27 18:26:33,232 Parsed 0 records for 20251203
2026-02-27 18:26:33,233 Start download 20251204
2026-02-27 18:26:33,276 Failed to download 20251204: HTTPSConnectionPool(host='www.twse.com.tw', port=443): Max retries exceeded with url: /exchangeReport/MI_INDEX?response=csv&date=20251204&type=ALL (Caused by SSLError(SSLCertVerificationError(1, '[SSL: CERTIFICATE_VERIFY_FAILED] certificate verify failed: Missing Subject Key Identifier (_ssl.c:1032)')))
2026-02-27 18:26:33,276 Parsed 0 records for 20251204
2026-02-27 18:26:33,277 Start download 20251205
2026-02-27 18:26:33,297 Failed to download 20251205: HTTPSConnectionPool(host='www.twse.com.tw', port=443): Max retries exceeded with url: /exchangeReport/MI_INDEX?response=csv&date=20251205&type=ALL (Caused by SSLError(SSLCertVerificationError(1, '[SSL: CERTIFICATE_VERIFY_FAILED] certificate verify failed: Missing Subject Key Identifier (_ssl.c:1032)')))
2026-02-27 18:26:33,297 Parsed 0 records for 20251205
2026-02-27 18:26:33,298 Start download 20251208
2026-02-27 18:26:33,355 Failed to download 20251208: HTTPSConnectionPool(host='www.twse.com.tw', port=443): Max retries exceeded with url: /exchangeReport/MI_INDEX?response=csv&date=20251208&type=ALL (Caused by SSLError(SSLCertVerificationError(1, '[SSL: CERTIFICATE_VERIFY_FAILED] certificate verify failed: Missing Subject Key Identifier (_ssl.c:1032)')))
2026-02-27 18:26:33,356 Parsed 0 records for 20251208
2026-02-27 18:26:33,356 Start download 20251209
2026-02-27 18:26:33,388 Failed to download 20251209: HTTPSConnectionPool(host='www.twse.com.tw', port=443): Max retries exceeded with url: /exchangeReport/MI_INDEX?response=csv&date=20251209&type=ALL (Caused by SSLError(SSLCertVerificationError(1, '[SSL: CERTIFICATE_VERIFY_FAILED] certificate verify failed: Missing Subject Key Identifier (_ssl.c:1032)')))
2026-02-27 18:26:33,389 Parsed 0 records for 20251209
2026-02-27 18:26:33,390 Start download 20251210
2026-02-27 18:26:33,420 Failed to download 20251210: HTTPSConnectionPool(host='www.twse.com.tw', port=443): Max retries exceeded with url: /exchangeReport/MI_INDEX?response=csv&date=20251210&type=ALL (Caused by SSLError(SSLCertVerificationError(1, '[SSL: CERTIFICATE_VERIFY_FAILED] certificate verify failed: Missing Subject Key Identifier (_ssl.c:1032)')))
2026-02-27 18:26:33,420 Parsed 0 records for 20251210
2026-02-27 18:26:33,421 Start download 20251211
2026-02-27 18:26:33,454 Failed to download 20251211: HTTPSConnectionPool(host='www.twse.com.tw', port=443): Max retries exceeded with url: /exchangeReport/MI_INDEX?response=csv&date=20251211&type=ALL (Caused by SSLError(SSLCertVerificationError(1, '[SSL: CERTIFICATE_VERIFY_FAILED] certificate verify failed: Missing Subject Key Identifier (_ssl.c:1032)')))
2026-02-27 18:26:33,454 Parsed 0 records for 20251211
2026-02-27 18:26:33,454 Start download 20251212
2026-02-27 18:26:33,513 Failed to download 20251212: HTTPSConnectionPool(host='www.twse.com.tw', port=443): Max retries exceeded with url: /exchangeReport/MI_INDEX?response=csv&date=20251212&type=ALL (Caused by SSLError(SSLCertVerificationError(1, '[SSL: CERTIFICATE_VERIFY_FAILED] certificate verify failed: Missing Subject Key Identifier (_ssl.c:1032)')))
2026-02-27 18:26:33,513 Parsed 0 records for 20251212
2026-02-27 18:26:33,514 Start download 20251215
2026-02-27 18:26:33,554 Failed to download 20251215: HTTPSConnectionPool(host='www.twse.com.tw', port=443): Max retries exceeded with url: /exchangeReport/MI_INDEX?response=csv&date=20251215&type=ALL (Caused by SSLError(SSLCertVerificationError(1, '[SSL: CERTIFICATE_VERIFY_FAILED] certificate verify failed: Missing Subject Key Identifier (_ssl.c:1032)')))
2026-02-27 18:26:33,555 Parsed 0 records for 20251215
2026-02-27 18:26:33,556 Start download 20251216
2026-02-27 18:26:33,594 Failed to download 20251216: HTTPSConnectionPool(host='www.twse.com.tw', port=443): Max retries exceeded with url: /exchangeReport/MI_INDEX?response=csv&date=20251216&type=ALL (Caused by SSLError(SSLCertVerificationError(1, '[SSL: CERTIFICATE_VERIFY_FAILED] certificate verify failed: Missing Subject Key Identifier (_ssl.c:1032)')))
2026-02-27 18:26:33,594 Parsed 0 records for 20251216
2026-02-27 18:26:33,595 Start download 20251217
2026-02-27 18:26:33,639 Failed to download 20251217: HTTPSConnectionPool(host='www.twse.com.tw', port=443): Max retries exceeded with url: /exchangeReport/MI_INDEX?response=csv&date=20251217&type=ALL (Caused by SSLError(SSLCertVerificationError(1, '[SSL: CERTIFICATE_VERIFY_FAILED] certificate verify failed: Missing Subject Key Identifier (_ssl.c:1032)')))
2026-02-27 18:26:33,640 Parsed 0 records for 20251217
2026-02-27 18:26:33,640 Start download 20251218
2026-02-27 18:26:33,674 Failed to download 20251218: HTTPSConnectionPool(host='www.twse.com.tw', port=443): Max retries exceeded with url: /exchangeReport/MI_INDEX?response=csv&date=20251218&type=ALL (Caused by SSLError(SSLCertVerificationError(1, '[SSL: CERTIFICATE_VERIFY_FAILED] certificate verify failed: Missing Subject Key Identifier (_ssl.c:1032)')))
2026-02-27 18:26:33,674 Parsed 0 records for 20251218
2026-02-27 18:26:33,675 Start download 20251219
2026-02-27 18:26:33,719 Failed to download 20251219: HTTPSConnectionPool(host='www.twse.com.tw', port=443): Max retries exceeded with url: /exchangeReport/MI_INDEX?response=csv&date=20251219&type=ALL (Caused by SSLError(SSLCertVerificationError(1, '[SSL: CERTIFICATE_VERIFY_FAILED] certificate verify failed: Missing Subject Key Identifier (_ssl.c:1032)')))
2026-02-27 18:26:33,720 Parsed 0 records for 20251219
2026-02-27 18:26:33,720 Start download 20251222
2026-02-27 18:26:33,753 Failed to download 20251222: HTTPSConnectionPool(host='www.twse.com.tw', port=443): Max retries exceeded with url: /exchangeReport/MI_INDEX?response=csv&date=20251222&type=ALL (Caused by SSLError(SSLCertVerificationError(1, '[SSL: CERTIFICATE_VERIFY_FAILED] certificate verify failed: Missing Subject Key Identifier (_ssl.c:1032)')))
2026-02-27 18:26:33,754 Parsed 0 records for 20251222
2026-02-27 18:26:33,754 Start download 20251223
2026-02-27 18:26:33,780 Failed to download 20251223: HTTPSConnectionPool(host='www.twse.com.tw', port=443): Max retries exceeded with url: /exchangeReport/MI_INDEX?response=csv&date=20251223&type=ALL (Caused by SSLError(SSLCertVerificationError(1, '[SSL: CERTIFICATE_VERIFY_FAILED] certificate verify failed: Missing Subject Key Identifier (_ssl.c:1032)')))
2026-02-27 18:26:33,781 Parsed 0 records for 20251223
2026-02-27 18:26:33,782 Start download 20251224
2026-02-27 18:26:33,814 Failed to download 20251224: HTTPSConnectionPool(host='www.twse.com.tw', port=443): Max retries exceeded with url: /exchangeReport/MI_INDEX?response=csv&date=20251224&type=ALL (Caused by SSLError(SSLCertVerificationError(1, '[SSL: CERTIFICATE_VERIFY_FAILED] certificate verify failed: Missing Subject Key Identifier (_ssl.c:1032)')))
2026-02-27 18:26:33,814 Parsed 0 records for 20251224
2026-02-27 18:26:33,815 Start download 20251225
2026-02-27 18:26:33,846 Failed to download 20251225: HTTPSConnectionPool(host='www.twse.com.tw', port=443): Max retries exceeded with url: /exchangeReport/MI_INDEX?response=csv&date=20251225&type=ALL (Caused by SSLError(SSLCertVerificationError(1, '[SSL: CERTIFICATE_VERIFY_FAILED] certificate verify failed: Missing Subject Key Identifier (_ssl.c:1032)')))
2026-02-27 18:26:33,846 Parsed 0 records for 20251225
2026-02-27 18:26:33,847 Start download 20251226
2026-02-27 18:26:33,878 Failed to download 20251226: HTTPSConnectionPool(host='www.twse.com.tw', port=443): Max retries exceeded with url: /exchangeReport/MI_INDEX?response=csv&date=20251226&type=ALL (Caused by SSLError(SSLCertVerificationError(1, '[SSL: CERTIFICATE_VERIFY_FAILED] certificate verify failed: Missing Subject Key Identifier (_ssl.c:1032)')))
2026-02-27 18:26:33,878 Parsed 0 records for 20251226
2026-02-27 18:26:33,879 Start download 20251229
2026-02-27 18:26:33,924 Failed to download 20251229: HTTPSConnectionPool(host='www.twse.com.tw', port=443): Max retries exceeded with url: /exchangeReport/MI_INDEX?response=csv&date=20251229&type=ALL (Caused by SSLError(SSLCertVerificationError(1, '[SSL: CERTIFICATE_VERIFY_FAILED] certificate verify failed: Missing Subject Key Identifier (_ssl.c:1032)')))
2026-02-27 18:26:33,924 Parsed 0 records for 20251229
2026-02-27 18:26:33,925 Start download 20251230
2026-02-27 18:26:33,957 Failed to download 20251230: HTTPSConnectionPool(host='www.twse.com.tw', port=443): Max retries exceeded with url: /exchangeReport/MI_INDEX?response=csv&date=20251230&type=ALL (Caused by SSLError(SSLCertVerificationError(1, '[SSL: CERTIFICATE_VERIFY_FAILED] certificate verify failed: Missing Subject Key Identifier (_ssl.c:1032)')))
2026-02-27 18:26:33,958 Parsed 0 records for 20251230
2026-02-27 18:26:33,959 Start download 20251231
2026-02-27 18:26:33,988 Failed to download 20251231: HTTPSConnectionPool(host='www.twse.com.tw', port=443): Max retries exceeded with url: /exchangeReport/MI_INDEX?response=csv&date=20251231&type=ALL (Caused by SSLError(SSLCertVerificationError(1, '[SSL: CERTIFICATE_VERIFY_FAILED] certificate verify failed: Missing Subject Key Identifier (_ssl.c:1032)')))
2026-02-27 18:26:33,989 Parsed 0 records for 20251231
2026-02-27 18:26:33,990 Start download 20260101
2026-02-27 18:26:34,012 Failed to download 20260101: HTTPSConnectionPool(host='www.twse.com.tw', port=443): Max retries exceeded with url: /exchangeReport/MI_INDEX?response=csv&date=20260101&type=ALL (Caused by SSLError(SSLCertVerificationError(1, '[SSL: CERTIFICATE_VERIFY_FAILED] certificate verify failed: Missing Subject Key Identifier (_ssl.c:1032)')))
2026-02-27 18:26:34,012 Parsed 0 records for 20260101
2026-02-27 18:26:34,012 日期 20260102 已下載過，從快取讀取資料
2026-02-27 18:26:34,013 快取資料不存在，重新下載: 20260102
2026-02-27 18:26:34,013 Start download 20260102
2026-02-27 18:26:34,053 Failed to download 20260102: HTTPSConnectionPool(host='www.twse.com.tw', port=443): Max retries exceeded with url: /exchangeReport/MI_INDEX?response=csv&date=20260102&type=ALL (Caused by SSLError(SSLCertVerificationError(1, '[SSL: CERTIFICATE_VERIFY_FAILED] certificate verify failed: Missing Subject Key Identifier (_ssl.c:1032)')))
2026-02-27 18:26:34,053 Parsed 0 records for 20260102
2026-02-27 18:26:34,054 日期 20260105 已下載過，從快取讀取資料
2026-02-27 18:26:34,055 快取資料不存在，重新下載: 20260105
2026-02-27 18:26:34,055 Start download 20260105
2026-02-27 18:26:34,085 Failed to download 20260105: HTTPSConnectionPool(host='www.twse.com.tw', port=443): Max retries exceeded with url: /exchangeReport/MI_INDEX?response=csv&date=20260105&type=ALL (Caused by SSLError(SSLCertVerificationError(1, '[SSL: CERTIFICATE_VERIFY_FAILED] certificate verify failed: Missing Subject Key Identifier (_ssl.c:1032)')))
2026-02-27 18:26:34,085 Parsed 0 records for 20260105
2026-02-27 18:26:34,086 日期 20260106 已下載過，從快取讀取資料
2026-02-27 18:26:34,087 快取資料不存在，重新下載: 20260106
2026-02-27 18:26:34,088 Start download 20260106
2026-02-27 18:26:34,110 Failed to download 20260106: HTTPSConnectionPool(host='www.twse.com.tw', port=443): Max retries exceeded with url: /exchangeReport/MI_INDEX?response=csv&date=20260106&type=ALL (Caused by SSLError(SSLCertVerificationError(1, '[SSL: CERTIFICATE_VERIFY_FAILED] certificate verify failed: Missing Subject Key Identifier (_ssl.c:1032)')))
2026-02-27 18:26:34,110 Parsed 0 records for 20260106
2026-02-27 18:26:34,111 日期 20260107 已下載過，從快取讀取資料
2026-02-27 18:26:34,111 快取資料不存在，重新下載: 20260107
2026-02-27 18:26:34,112 Start download 20260107
2026-02-27 18:26:34,149 Failed to download 20260107: HTTPSConnectionPool(host='www.twse.com.tw', port=443): Max retries exceeded with url: /exchangeReport/MI_INDEX?response=csv&date=20260107&type=ALL (Caused by SSLError(SSLCertVerificationError(1, '[SSL: CERTIFICATE_VERIFY_FAILED] certificate verify failed: Missing Subject Key Identifier (_ssl.c:1032)')))
2026-02-27 18:26:34,149 Parsed 0 records for 20260107
2026-02-27 18:26:34,150 日期 20260108 已下載過，從快取讀取資料
2026-02-27 18:26:34,151 快取資料不存在，重新下載: 20260108
2026-02-27 18:26:34,151 Start download 20260108
2026-02-27 18:26:34,195 Failed to download 20260108: HTTPSConnectionPool(host='www.twse.com.tw', port=443): Max retries exceeded with url: /exchangeReport/MI_INDEX?response=csv&date=20260108&type=ALL (Caused by SSLError(SSLCertVerificationError(1, '[SSL: CERTIFICATE_VERIFY_FAILED] certificate verify failed: Missing Subject Key Identifier (_ssl.c:1032)')))
2026-02-27 18:26:34,196 Parsed 0 records for 20260108
2026-02-27 18:26:34,197 日期 20260109 已下載過，從快取讀取資料
2026-02-27 18:26:34,197 快取資料不存在，重新下載: 20260109
2026-02-27 18:26:34,198 Start download 20260109
2026-02-27 18:26:34,228 Failed to download 20260109: HTTPSConnectionPool(host='www.twse.com.tw', port=443): Max retries exceeded with url: /exchangeReport/MI_INDEX?response=csv&date=20260109&type=ALL (Caused by SSLError(SSLCertVerificationError(1, '[SSL: CERTIFICATE_VERIFY_FAILED] certificate verify failed: Missing Subject Key Identifier (_ssl.c:1032)')))
2026-02-27 18:26:34,228 Parsed 0 records for 20260109
2026-02-27 18:26:34,229 日期 20260112 已下載過，從快取讀取資料
2026-02-27 18:26:34,230 快取資料不存在，重新下載: 20260112
2026-02-27 18:26:34,230 Start download 20260112
2026-02-27 18:26:34,261 Failed to download 20260112: HTTPSConnectionPool(host='www.twse.com.tw', port=443): Max retries exceeded with url: /exchangeReport/MI_INDEX?response=csv&date=20260112&type=ALL (Caused by SSLError(SSLCertVerificationError(1, '[SSL: CERTIFICATE_VERIFY_FAILED] certificate verify failed: Missing Subject Key Identifier (_ssl.c:1032)')))
2026-02-27 18:26:34,262 Parsed 0 records for 20260112
2026-02-27 18:26:34,262 日期 20260113 已下載過，從快取讀取資料
2026-02-27 18:26:34,263 快取資料不存在，重新下載: 20260113
2026-02-27 18:26:34,263 Start download 20260113
2026-02-27 18:26:34,307 Failed to download 20260113: HTTPSConnectionPool(host='www.twse.com.tw', port=443): Max retries exceeded with url: /exchangeReport/MI_INDEX?response=csv&date=20260113&type=ALL (Caused by SSLError(SSLCertVerificationError(1, '[SSL: CERTIFICATE_VERIFY_FAILED] certificate verify failed: Missing Subject Key Identifier (_ssl.c:1032)')))
2026-02-27 18:26:34,307 Parsed 0 records for 20260113
2026-02-27 18:26:34,308 日期 20260114 已下載過，從快取讀取資料
2026-02-27 18:26:34,309 快取資料不存在，重新下載: 20260114
2026-02-27 18:26:34,309 Start download 20260114
2026-02-27 18:26:34,353 Failed to download 20260114: HTTPSConnectionPool(host='www.twse.com.tw', port=443): Max retries exceeded with url: /exchangeReport/MI_INDEX?response=csv&date=20260114&type=ALL (Caused by SSLError(SSLCertVerificationError(1, '[SSL: CERTIFICATE_VERIFY_FAILED] certificate verify failed: Missing Subject Key Identifier (_ssl.c:1032)')))
2026-02-27 18:26:34,353 Parsed 0 records for 20260114
2026-02-27 18:26:34,354 日期 20260115 已下載過，從快取讀取資料
2026-02-27 18:26:34,354 快取資料不存在，重新下載: 20260115
2026-02-27 18:26:34,355 Start download 20260115
2026-02-27 18:26:34,399 Failed to download 20260115: HTTPSConnectionPool(host='www.twse.com.tw', port=443): Max retries exceeded with url: /exchangeReport/MI_INDEX?response=csv&date=20260115&type=ALL (Caused by SSLError(SSLCertVerificationError(1, '[SSL: CERTIFICATE_VERIFY_FAILED] certificate verify failed: Missing Subject Key Identifier (_ssl.c:1032)')))
2026-02-27 18:26:34,399 Parsed 0 records for 20260115
2026-02-27 18:26:34,400 日期 20260116 已下載過，從快取讀取資料
2026-02-27 18:26:34,401 快取資料不存在，重新下載: 20260116
2026-02-27 18:26:34,401 Start download 20260116
2026-02-27 18:26:34,445 Failed to download 20260116: HTTPSConnectionPool(host='www.twse.com.tw', port=443): Max retries exceeded with url: /exchangeReport/MI_INDEX?response=csv&date=20260116&type=ALL (Caused by SSLError(SSLCertVerificationError(1, '[SSL: CERTIFICATE_VERIFY_FAILED] certificate verify failed: Missing Subject Key Identifier (_ssl.c:1032)')))
2026-02-27 18:26:34,445 Parsed 0 records for 20260116
2026-02-27 18:26:34,446 日期 20260119 已下載過，從快取讀取資料
2026-02-27 18:26:34,446 快取資料不存在，重新下載: 20260119
2026-02-27 18:26:34,447 Start download 20260119
2026-02-27 18:26:34,491 Failed to download 20260119: HTTPSConnectionPool(host='www.twse.com.tw', port=443): Max retries exceeded with url: /exchangeReport/MI_INDEX?response=csv&date=20260119&type=ALL (Caused by SSLError(SSLCertVerificationError(1, '[SSL: CERTIFICATE_VERIFY_FAILED] certificate verify failed: Missing Subject Key Identifier (_ssl.c:1032)')))
2026-02-27 18:26:34,491 Parsed 0 records for 20260119
2026-02-27 18:26:34,492 日期 20260120 已下載過，從快取讀取資料
2026-02-27 18:26:34,493 快取資料不存在，重新下載: 20260120
2026-02-27 18:26:34,493 Start download 20260120
2026-02-27 18:26:34,552 Failed to download 20260120: HTTPSConnectionPool(host='www.twse.com.tw', port=443): Max retries exceeded with url: /exchangeReport/MI_INDEX?response=csv&date=20260120&type=ALL (Caused by SSLError(SSLCertVerificationError(1, '[SSL: CERTIFICATE_VERIFY_FAILED] certificate verify failed: Missing Subject Key Identifier (_ssl.c:1032)')))
2026-02-27 18:26:34,553 Parsed 0 records for 20260120
2026-02-27 18:26:34,553 日期 20260121 已下載過，從快取讀取資料
2026-02-27 18:26:34,554 快取資料不存在，重新下載: 20260121
2026-02-27 18:26:34,555 Start download 20260121
2026-02-27 18:26:34,575 Failed to download 20260121: HTTPSConnectionPool(host='www.twse.com.tw', port=443): Max retries exceeded with url: /exchangeReport/MI_INDEX?response=csv&date=20260121&type=ALL (Caused by SSLError(SSLCertVerificationError(1, '[SSL: CERTIFICATE_VERIFY_FAILED] certificate verify failed: Missing Subject Key Identifier (_ssl.c:1032)')))
2026-02-27 18:26:34,575 Parsed 0 records for 20260121
2026-02-27 18:26:34,576 Start download 20260122
2026-02-27 18:26:34,616 Failed to download 20260122: HTTPSConnectionPool(host='www.twse.com.tw', port=443): Max retries exceeded with url: /exchangeReport/MI_INDEX?response=csv&date=20260122&type=ALL (Caused by SSLError(SSLCertVerificationError(1, '[SSL: CERTIFICATE_VERIFY_FAILED] certificate verify failed: Missing Subject Key Identifier (_ssl.c:1032)')))
2026-02-27 18:26:34,616 Parsed 0 records for 20260122
2026-02-27 18:26:34,617 日期 20260123 已下載過，從快取讀取資料
2026-02-27 18:26:34,618 快取資料不存在，重新下載: 20260123
2026-02-27 18:26:34,619 Start download 20260123
2026-02-27 18:26:34,662 Failed to download 20260123: HTTPSConnectionPool(host='www.twse.com.tw', port=443): Max retries exceeded with url: /exchangeReport/MI_INDEX?response=csv&date=20260123&type=ALL (Caused by SSLError(SSLCertVerificationError(1, '[SSL: CERTIFICATE_VERIFY_FAILED] certificate verify failed: Missing Subject Key Identifier (_ssl.c:1032)')))
2026-02-27 18:26:34,662 Parsed 0 records for 20260123
2026-02-27 18:26:34,663 日期 20260126 已下載過，從快取讀取資料
2026-02-27 18:26:34,664 快取資料不存在，重新下載: 20260126
2026-02-27 18:26:34,664 Start download 20260126
2026-02-27 18:26:34,708 Failed to download 20260126: HTTPSConnectionPool(host='www.twse.com.tw', port=443): Max retries exceeded with url: /exchangeReport/MI_INDEX?response=csv&date=20260126&type=ALL (Caused by SSLError(SSLCertVerificationError(1, '[SSL: CERTIFICATE_VERIFY_FAILED] certificate verify failed: Missing Subject Key Identifier (_ssl.c:1032)')))
2026-02-27 18:26:34,709 Parsed 0 records for 20260126
2026-02-27 18:26:34,709 日期 20260127 已下載過，從快取讀取資料
2026-02-27 18:26:34,710 快取資料不存在，重新下載: 20260127
2026-02-27 18:26:34,710 Start download 20260127
2026-02-27 18:26:34,738 Failed to download 20260127: HTTPSConnectionPool(host='www.twse.com.tw', port=443): Max retries exceeded with url: /exchangeReport/MI_INDEX?response=csv&date=20260127&type=ALL (Caused by SSLError(SSLCertVerificationError(1, '[SSL: CERTIFICATE_VERIFY_FAILED] certificate verify failed: Missing Subject Key Identifier (_ssl.c:1032)')))
2026-02-27 18:26:34,739 Parsed 0 records for 20260127
2026-02-27 18:26:34,740 Start download 20260128
2026-02-27 18:26:34,772 Failed to download 20260128: HTTPSConnectionPool(host='www.twse.com.tw', port=443): Max retries exceeded with url: /exchangeReport/MI_INDEX?response=csv&date=20260128&type=ALL (Caused by SSLError(SSLCertVerificationError(1, '[SSL: CERTIFICATE_VERIFY_FAILED] certificate verify failed: Missing Subject Key Identifier (_ssl.c:1032)')))
2026-02-27 18:26:34,773 Parsed 0 records for 20260128
2026-02-27 18:26:34,773 日期 20260129 已下載過，從快取讀取資料
2026-02-27 18:26:34,774 快取資料不存在，重新下載: 20260129
2026-02-27 18:26:34,774 Start download 20260129
2026-02-27 18:26:34,795 Failed to download 20260129: HTTPSConnectionPool(host='www.twse.com.tw', port=443): Max retries exceeded with url: /exchangeReport/MI_INDEX?response=csv&date=20260129&type=ALL (Caused by SSLError(SSLCertVerificationError(1, '[SSL: CERTIFICATE_VERIFY_FAILED] certificate verify failed: Missing Subject Key Identifier (_ssl.c:1032)')))
2026-02-27 18:26:34,795 Parsed 0 records for 20260129
2026-02-27 18:26:34,796 日期 20260130 已下載過，從快取讀取資料
2026-02-27 18:26:34,796 快取資料不存在，重新下載: 20260130
2026-02-27 18:26:34,797 Start download 20260130
2026-02-27 18:26:34,817 Failed to download 20260130: HTTPSConnectionPool(host='www.twse.com.tw', port=443): Max retries exceeded with url: /exchangeReport/MI_INDEX?response=csv&date=20260130&type=ALL (Caused by SSLError(SSLCertVerificationError(1, '[SSL: CERTIFICATE_VERIFY_FAILED] certificate verify failed: Missing Subject Key Identifier (_ssl.c:1032)')))
2026-02-27 18:26:34,818 Parsed 0 records for 20260130
2026-02-27 18:26:34,819 日期 20260202 已下載過，從快取讀取資料
2026-02-27 18:26:34,819 快取資料不存在，重新下載: 20260202
2026-02-27 18:26:34,820 Start download 20260202
2026-02-27 18:26:34,841 Failed to download 20260202: HTTPSConnectionPool(host='www.twse.com.tw', port=443): Max retries exceeded with url: /exchangeReport/MI_INDEX?response=csv&date=20260202&type=ALL (Caused by SSLError(SSLCertVerificationError(1, '[SSL: CERTIFICATE_VERIFY_FAILED] certificate verify failed: Missing Subject Key Identifier (_ssl.c:1032)')))
2026-02-27 18:26:34,841 Parsed 0 records for 20260202
2026-02-27 18:26:34,842 日期 20260203 已下載過，從快取讀取資料
2026-02-27 18:26:34,843 快取資料不存在，重新下載: 20260203
2026-02-27 18:26:34,843 Start download 20260203
2026-02-27 18:26:34,881 Failed to download 20260203: HTTPSConnectionPool(host='www.twse.com.tw', port=443): Max retries exceeded with url: /exchangeReport/MI_INDEX?response=csv&date=20260203&type=ALL (Caused by SSLError(SSLCertVerificationError(1, '[SSL: CERTIFICATE_VERIFY_FAILED] certificate verify failed: Missing Subject Key Identifier (_ssl.c:1032)')))
2026-02-27 18:26:34,881 Parsed 0 records for 20260203
2026-02-27 18:26:34,883 日期 20260204 已下載過，從快取讀取資料
2026-02-27 18:26:34,883 快取資料不存在，重新下載: 20260204
2026-02-27 18:26:34,884 Start download 20260204
2026-02-27 18:26:34,928 Failed to download 20260204: HTTPSConnectionPool(host='www.twse.com.tw', port=443): Max retries exceeded with url: /exchangeReport/MI_INDEX?response=csv&date=20260204&type=ALL (Caused by SSLError(SSLCertVerificationError(1, '[SSL: CERTIFICATE_VERIFY_FAILED] certificate verify failed: Missing Subject Key Identifier (_ssl.c:1032)')))
2026-02-27 18:26:34,929 Parsed 0 records for 20260204
2026-02-27 18:26:34,929 日期 20260205 已下載過，從快取讀取資料
2026-02-27 18:26:34,930 快取資料不存在，重新下載: 20260205
2026-02-27 18:26:34,930 Start download 20260205
2026-02-27 18:26:34,963 Failed to download 20260205: HTTPSConnectionPool(host='www.twse.com.tw', port=443): Max retries exceeded with url: /exchangeReport/MI_INDEX?response=csv&date=20260205&type=ALL (Caused by SSLError(SSLCertVerificationError(1, '[SSL: CERTIFICATE_VERIFY_FAILED] certificate verify failed: Missing Subject Key Identifier (_ssl.c:1032)')))
2026-02-27 18:26:34,963 Parsed 0 records for 20260205
2026-02-27 18:26:34,963 日期 20260206 已下載過，從快取讀取資料
2026-02-27 18:26:34,964 快取資料不存在，重新下載: 20260206
2026-02-27 18:26:34,964 Start download 20260206
2026-02-27 18:26:35,007 Failed to download 20260206: HTTPSConnectionPool(host='www.twse.com.tw', port=443): Max retries exceeded with url: /exchangeReport/MI_INDEX?response=csv&date=20260206&type=ALL (Caused by SSLError(SSLCertVerificationError(1, '[SSL: CERTIFICATE_VERIFY_FAILED] certificate verify failed: Missing Subject Key Identifier (_ssl.c:1032)')))
2026-02-27 18:26:35,008 Parsed 0 records for 20260206
2026-02-27 18:26:35,008 日期 20260209 已下載過，從快取讀取資料
2026-02-27 18:26:35,009 快取資料不存在，重新下載: 20260209
2026-02-27 18:26:35,009 Start download 20260209
2026-02-27 18:26:35,040 Failed to download 20260209: HTTPSConnectionPool(host='www.twse.com.tw', port=443): Max retries exceeded with url: /exchangeReport/MI_INDEX?response=csv&date=20260209&type=ALL (Caused by SSLError(SSLCertVerificationError(1, '[SSL: CERTIFICATE_VERIFY_FAILED] certificate verify failed: Missing Subject Key Identifier (_ssl.c:1032)')))
2026-02-27 18:26:35,040 Parsed 0 records for 20260209
2026-02-27 18:26:35,041 日期 20260210 已下載過，從快取讀取資料
2026-02-27 18:26:35,041 快取資料不存在，重新下載: 20260210
2026-02-27 18:26:35,042 Start download 20260210
2026-02-27 18:26:35,062 Failed to download 20260210: HTTPSConnectionPool(host='www.twse.com.tw', port=443): Max retries exceeded with url: /exchangeReport/MI_INDEX?response=csv&date=20260210&type=ALL (Caused by SSLError(SSLCertVerificationError(1, '[SSL: CERTIFICATE_VERIFY_FAILED] certificate verify failed: Missing Subject Key Identifier (_ssl.c:1032)')))
2026-02-27 18:26:35,062 Parsed 0 records for 20260210
2026-02-27 18:26:35,063 日期 20260211 已下載過，從快取讀取資料
2026-02-27 18:26:35,064 快取資料不存在，重新下載: 20260211
2026-02-27 18:26:35,064 Start download 20260211
2026-02-27 18:26:35,104 Failed to download 20260211: HTTPSConnectionPool(host='www.twse.com.tw', port=443): Max retries exceeded with url: /exchangeReport/MI_INDEX?response=csv&date=20260211&type=ALL (Caused by SSLError(SSLCertVerificationError(1, '[SSL: CERTIFICATE_VERIFY_FAILED] certificate verify failed: Missing Subject Key Identifier (_ssl.c:1032)')))
2026-02-27 18:26:35,104 Parsed 0 records for 20260211
2026-02-27 18:26:35,105 Start download 20260212
2026-02-27 18:26:35,139 Failed to download 20260212: HTTPSConnectionPool(host='www.twse.com.tw', port=443): Max retries exceeded with url: /exchangeReport/MI_INDEX?response=csv&date=20260212&type=ALL (Caused by SSLError(SSLCertVerificationError(1, '[SSL: CERTIFICATE_VERIFY_FAILED] certificate verify failed: Missing Subject Key Identifier (_ssl.c:1032)')))
2026-02-27 18:26:35,139 Parsed 0 records for 20260212
2026-02-27 18:26:35,140 Start download 20260213
2026-02-27 18:26:35,161 Failed to download 20260213: HTTPSConnectionPool(host='www.twse.com.tw', port=443): Max retries exceeded with url: /exchangeReport/MI_INDEX?response=csv&date=20260213&type=ALL (Caused by SSLError(SSLCertVerificationError(1, '[SSL: CERTIFICATE_VERIFY_FAILED] certificate verify failed: Missing Subject Key Identifier (_ssl.c:1032)')))
2026-02-27 18:26:35,161 Parsed 0 records for 20260213
2026-02-27 18:26:35,162 Start download 20260216
2026-02-27 18:26:35,203 Failed to download 20260216: HTTPSConnectionPool(host='www.twse.com.tw', port=443): Max retries exceeded with url: /exchangeReport/MI_INDEX?response=csv&date=20260216&type=ALL (Caused by SSLError(SSLCertVerificationError(1, '[SSL: CERTIFICATE_VERIFY_FAILED] certificate verify failed: Missing Subject Key Identifier (_ssl.c:1032)')))
2026-02-27 18:26:35,203 Parsed 0 records for 20260216
2026-02-27 18:26:35,204 Start download 20260217
2026-02-27 18:26:35,226 Failed to download 20260217: HTTPSConnectionPool(host='www.twse.com.tw', port=443): Max retries exceeded with url: /exchangeReport/MI_INDEX?response=csv&date=20260217&type=ALL (Caused by SSLError(SSLCertVerificationError(1, '[SSL: CERTIFICATE_VERIFY_FAILED] certificate verify failed: Missing Subject Key Identifier (_ssl.c:1032)')))
2026-02-27 18:26:35,227 Parsed 0 records for 20260217
2026-02-27 18:26:35,227 Start download 20260218
2026-02-27 18:26:35,254 Failed to download 20260218: HTTPSConnectionPool(host='www.twse.com.tw', port=443): Max retries exceeded with url: /exchangeReport/MI_INDEX?response=csv&date=20260218&type=ALL (Caused by SSLError(SSLCertVerificationError(1, '[SSL: CERTIFICATE_VERIFY_FAILED] certificate verify failed: Missing Subject Key Identifier (_ssl.c:1032)')))
2026-02-27 18:26:35,254 Parsed 0 records for 20260218
2026-02-27 18:26:35,255 Start download 20260219
2026-02-27 18:26:35,275 Failed to download 20260219: HTTPSConnectionPool(host='www.twse.com.tw', port=443): Max retries exceeded with url: /exchangeReport/MI_INDEX?response=csv&date=20260219&type=ALL (Caused by SSLError(SSLCertVerificationError(1, '[SSL: CERTIFICATE_VERIFY_FAILED] certificate verify failed: Missing Subject Key Identifier (_ssl.c:1032)')))
2026-02-27 18:26:35,275 Parsed 0 records for 20260219
2026-02-27 18:26:35,276 Start download 20260220
2026-02-27 18:26:35,309 Failed to download 20260220: HTTPSConnectionPool(host='www.twse.com.tw', port=443): Max retries exceeded with url: /exchangeReport/MI_INDEX?response=csv&date=20260220&type=ALL (Caused by SSLError(SSLCertVerificationError(1, '[SSL: CERTIFICATE_VERIFY_FAILED] certificate verify failed: Missing Subject Key Identifier (_ssl.c:1032)')))
2026-02-27 18:26:35,310 Parsed 0 records for 20260220
2026-02-27 18:26:35,310 日期 20260223 已下載過，從快取讀取資料
2026-02-27 18:26:35,311 快取資料不存在，重新下載: 20260223
2026-02-27 18:26:35,311 Start download 20260223
2026-02-27 18:26:35,341 Failed to download 20260223: HTTPSConnectionPool(host='www.twse.com.tw', port=443): Max retries exceeded with url: /exchangeReport/MI_INDEX?response=csv&date=20260223&type=ALL (Caused by SSLError(SSLCertVerificationError(1, '[SSL: CERTIFICATE_VERIFY_FAILED] certificate verify failed: Missing Subject Key Identifier (_ssl.c:1032)')))
2026-02-27 18:26:35,341 Parsed 0 records for 20260223
2026-02-27 18:26:35,342 日期 20260224 已下載過，從快取讀取資料
2026-02-27 18:26:35,343 快取資料不存在，重新下載: 20260224
2026-02-27 18:26:35,343 Start download 20260224
2026-02-27 18:26:35,372 Failed to download 20260224: HTTPSConnectionPool(host='www.twse.com.tw', port=443): Max retries exceeded with url: /exchangeReport/MI_INDEX?response=csv&date=20260224&type=ALL (Caused by SSLError(SSLCertVerificationError(1, '[SSL: CERTIFICATE_VERIFY_FAILED] certificate verify failed: Missing Subject Key Identifier (_ssl.c:1032)')))
2026-02-27 18:26:35,372 Parsed 0 records for 20260224
2026-02-27 18:26:35,373 日期 20260225 已下載過，從快取讀取資料
2026-02-27 18:26:35,375 快取資料不存在，重新下載: 20260225
2026-02-27 18:26:35,375 Start download 20260225
2026-02-27 18:26:35,420 Failed to download 20260225: HTTPSConnectionPool(host='www.twse.com.tw', port=443): Max retries exceeded with url: /exchangeReport/MI_INDEX?response=csv&date=20260225&type=ALL (Caused by SSLError(SSLCertVerificationError(1, '[SSL: CERTIFICATE_VERIFY_FAILED] certificate verify failed: Missing Subject Key Identifier (_ssl.c:1032)')))
2026-02-27 18:26:35,420 Parsed 0 records for 20260225
2026-02-27 18:26:35,421 日期 20260226 已下載過，從快取讀取資料
2026-02-27 18:26:35,421 快取資料不存在，重新下載: 20260226
2026-02-27 18:26:35,422 Start download 20260226
2026-02-27 18:26:35,443 Failed to download 20260226: HTTPSConnectionPool(host='www.twse.com.tw', port=443): Max retries exceeded with url: /exchangeReport/MI_INDEX?response=csv&date=20260226&type=ALL (Caused by SSLError(SSLCertVerificationError(1, '[SSL: CERTIFICATE_VERIFY_FAILED] certificate verify failed: Missing Subject Key Identifier (_ssl.c:1032)')))
2026-02-27 18:26:35,443 Parsed 0 records for 20260226
2026-02-27 18:26:35,444 有效資料日期數: 53
2026-02-27 18:26:38,502 Saved price records to d:\Python\Work\TWStockHighLowViewer\output\台股最低價紀錄_20250407_20260226.xlsx
2026-02-27 18:26:38,531 Saved comparison results to d:\Python\Work\TWStockHighLowViewer\output\台股創新低比較_20250526_20260226.xlsx
2026-02-27 18:26:38,532 Analysis complete
